Archive member included to satisfy reference by file (symbol)

../../libopencm3/lib/libopencm3_stm32f1.a(adc.o)
                              bin/main.o (adc_power_on)
../../libopencm3/lib/libopencm3_stm32f1.a(adc_common_v1.o)
                              bin/main.o (adc_power_off)
../../libopencm3/lib/libopencm3_stm32f1.a(gpio.o)
                              bin/main.o (gpio_set_mode)
../../libopencm3/lib/libopencm3_stm32f1.a(gpio_common_all.o)
                              bin/main.o (gpio_set)
../../libopencm3/lib/libopencm3_stm32f1.a(rcc.o)
                              bin/main.o (rcc_set_adcpre)
../../libopencm3/lib/libopencm3_stm32f1.a(rcc_common_all.o)
                              bin/main.o (rcc_periph_clock_enable)
../../libopencm3/lib/libopencm3_stm32f1.a(timer_common_all.o)
                              bin/main.o (timer_set_mode)
../../libopencm3/lib/libopencm3_stm32f1.a(usart_common_all.o)
                              bin/main.o (usart_set_baudrate)
../../libopencm3/lib/libopencm3_stm32f1.a(usart_common_f124.o)
                              ../../libopencm3/lib/libopencm3_stm32f1.a(usart_common_all.o) (usart_send)
../../libopencm3/lib/libopencm3_stm32f1.a(vector.o)
                              (reset_handler)
../../libopencm3/lib/libopencm3_stm32f1.a(assert.o)
                              ../../libopencm3/lib/libopencm3_stm32f1.a(rcc.o) (cm3_assert_failed)
../../libopencm3/lib/libopencm3_stm32f1.a(flash_common_all.o)
                              ../../libopencm3/lib/libopencm3_stm32f1.a(rcc.o) (flash_set_ws)
/usr/lib/gcc/arm-none-eabi/13.2.1/../../../arm-none-eabi/lib/thumb/v7-m/nofp/libc.a(libc_a-strncpy.o)
                              bin/main.o (strncpy)
/usr/lib/gcc/arm-none-eabi/13.2.1/../../../arm-none-eabi/lib/thumb/v7-m/nofp/libc.a(libc_a-memset.o)
                              bin/main.o (memset)
/usr/lib/gcc/arm-none-eabi/13.2.1/../../../arm-none-eabi/lib/thumb/v7-m/nofp/libc.a(libc_a-strcmp.o)
                              bin/main.o (strcmp)
/usr/lib/gcc/arm-none-eabi/13.2.1/../../../arm-none-eabi/lib/thumb/v7-m/nofp/libc.a(libc_a-snprintf.o)
                              bin/main.o (snprintf)
/usr/lib/gcc/arm-none-eabi/13.2.1/../../../arm-none-eabi/lib/thumb/v7-m/nofp/libc.a(libc_a-strlen-stub.o)
                              bin/main.o (strlen)
/usr/lib/gcc/arm-none-eabi/13.2.1/../../../arm-none-eabi/lib/thumb/v7-m/nofp/libc.a(libc_a-svfprintf.o)
                              /usr/lib/gcc/arm-none-eabi/13.2.1/../../../arm-none-eabi/lib/thumb/v7-m/nofp/libc.a(libc_a-snprintf.o) (_svfprintf_r)
/usr/lib/gcc/arm-none-eabi/13.2.1/../../../arm-none-eabi/lib/thumb/v7-m/nofp/libc.a(libc_a-impure.o)
                              /usr/lib/gcc/arm-none-eabi/13.2.1/../../../arm-none-eabi/lib/thumb/v7-m/nofp/libc.a(libc_a-snprintf.o) (_impure_ptr)
/usr/lib/gcc/arm-none-eabi/13.2.1/../../../arm-none-eabi/lib/thumb/v7-m/nofp/libc.a(libc_a-mallocr.o)
                              /usr/lib/gcc/arm-none-eabi/13.2.1/../../../arm-none-eabi/lib/thumb/v7-m/nofp/libc.a(libc_a-svfprintf.o) (_malloc_r)
/usr/lib/gcc/arm-none-eabi/13.2.1/../../../arm-none-eabi/lib/thumb/v7-m/nofp/libc.a(libc_a-dtoa.o)
                              /usr/lib/gcc/arm-none-eabi/13.2.1/../../../arm-none-eabi/lib/thumb/v7-m/nofp/libc.a(libc_a-svfprintf.o) (_dtoa_r)
/usr/lib/gcc/arm-none-eabi/13.2.1/../../../arm-none-eabi/lib/thumb/v7-m/nofp/libc.a(libc_a-freer.o)
                              /usr/lib/gcc/arm-none-eabi/13.2.1/../../../arm-none-eabi/lib/thumb/v7-m/nofp/libc.a(libc_a-mallocr.o) (_free_r)
/usr/lib/gcc/arm-none-eabi/13.2.1/../../../arm-none-eabi/lib/thumb/v7-m/nofp/libc.a(libc_a-memcpy.o)
                              /usr/lib/gcc/arm-none-eabi/13.2.1/../../../arm-none-eabi/lib/thumb/v7-m/nofp/libc.a(libc_a-dtoa.o) (memcpy)
/usr/lib/gcc/arm-none-eabi/13.2.1/../../../arm-none-eabi/lib/thumb/v7-m/nofp/libc.a(libc_a-sysconf.o)
                              /usr/lib/gcc/arm-none-eabi/13.2.1/../../../arm-none-eabi/lib/thumb/v7-m/nofp/libc.a(libc_a-mallocr.o) (sysconf)
/usr/lib/gcc/arm-none-eabi/13.2.1/../../../arm-none-eabi/lib/thumb/v7-m/nofp/libc.a(libc_a-mlock.o)
                              /usr/lib/gcc/arm-none-eabi/13.2.1/../../../arm-none-eabi/lib/thumb/v7-m/nofp/libc.a(libc_a-mallocr.o) (__malloc_lock)
/usr/lib/gcc/arm-none-eabi/13.2.1/../../../arm-none-eabi/lib/thumb/v7-m/nofp/libc.a(libc_a-findfp.o)
                              /usr/lib/gcc/arm-none-eabi/13.2.1/../../../arm-none-eabi/lib/thumb/v7-m/nofp/libc.a(libc_a-impure.o) (__sf)
/usr/lib/gcc/arm-none-eabi/13.2.1/../../../arm-none-eabi/lib/thumb/v7-m/nofp/libc.a(libc_a-ssprint_r.o)
                              /usr/lib/gcc/arm-none-eabi/13.2.1/../../../arm-none-eabi/lib/thumb/v7-m/nofp/libc.a(libc_a-svfprintf.o) (__ssprint_r)
/usr/lib/gcc/arm-none-eabi/13.2.1/../../../arm-none-eabi/lib/thumb/v7-m/nofp/libc.a(libc_a-sbrkr.o)
[...]
Memory Configuration

Name             Origin             Length             Attributes
rom              0x08000000         0x00010000         xr
ram              0x20000000         0x00005000         xrw
*default*        0x00000000         0xffffffff

Linker script and memory map

LOAD bin/main.o
LOAD ../../libopencm3/lib/libopencm3_stm32f1.a
LOAD ../../libopencm3/lib/libopencm3_stm32f1.a
LOAD /usr/lib/gcc/arm-none-eabi/13.2.1/../../../arm-none-eabi/lib/thumb/v7-m/nofp/libc.a
LOAD /usr/lib/gcc/arm-none-eabi/13.2.1/thumb/v7-m/nofp/libgcc.a
LOAD /usr/lib/gcc/arm-none-eabi/13.2.1/../../../arm-none-eabi/lib/thumb/v7-m/nofp/libnosys.a
                0x20005000                        _stack = (ORIGIN (ram) + LENGTH (ram))

.text           0x08000000     0x84bc
 *(.vectors)
 .vectors       0x08000000      0x150 ../../libopencm3/lib/libopencm3_stm32f1.a(vector.o)
                0x08000000                vector_table
 *(.text*)
 .text          0x08000150      0xf24 bin/main.o
                0x08000150                main
                0x080002ac                protocol_checksum
                0x080002e8                protocol_encode
                0x08000424                protocol_validate
                0x080004ea                parser_init
                0x0800052a                parser_consume_byte
                0x080007a4                uart_tx_send
                0x080007d4                procesar_uart_fsm
                0x080008a4                app_handle_message
                0x08000bb8                clock_setup
                0x08000c04                gpio_setup
                0x08000c90                usart_setup
                0x08000cd4                adc_setup
                0x08000d34                tim3_setup
                0x08000dc4                emitir_feedback
                0x08000e00                procesar_pin
                0x08000eec                abrir_buzon
 .text.adc_power_on
                0x08001074       0x10 ../../libopencm3/lib/libopencm3_stm32f1.a(adc.o)
                0x08001074                adc_power_on
 .text.adc_start_conversion_direct
                0x08001084       0x10 ../../libopencm3/lib/libopencm3_stm32f1.a(adc.o)
                0x08001084                adc_start_conversion_direct
 .text.adc_reset_calibration
                0x08001094       0x14 ../../libopencm3/lib/libopencm3_stm32f1.a(adc.o)
                0x08001094                adc_reset_calibration
 .text.adc_calibrate_async
                0x080010a8        0xa ../../libopencm3/lib/libopencm3_stm32f1.a(adc.o)
                0x080010a8                adc_calibrate_async
 .text.adc_is_calibrating
                0x080010b2        0x8 ../../libopencm3/lib/libopencm3_stm32f1.a(adc.o)
                0x080010b2                adc_is_calibrating
 .text.adc_calibrate
                0x080010ba       0x14 ../../libopencm3/lib/libopencm3_stm32f1.a(adc.o)
                0x080010ba                adc_calibrate
 .text.adc_set_sample_time
                0x080010ce       0x34 ../../libopencm3/lib/libopencm3_stm32f1.a(adc.o)
                0x080010ce                adc_set_sample_time
 .text.adc_power_off
                0x08001102        0xa ../../libopencm3/lib/libopencm3_stm32f1.a(adc_common_v1.o)
                0x08001102                adc_power_off
 .text.adc_eoc  0x0800110c        0x8 ../../libopencm3/lib/libopencm3_stm32f1.a(adc_common_v1.o)
                0x0800110c                adc_eoc
 .text.adc_read_regular
                0x08001114        0x4 ../../libopencm3/lib/libopencm3_stm32f1.a(adc_common_v1.o)
                0x08001114                adc_read_regular
 .text.adc_set_regular_sequence
                0x08001118       0x5c ../../libopencm3/lib/libopencm3_stm32f1.a(adc_common_v1.o)
                0x08001118                adc_set_regular_sequence
 .text.gpio_set_mode
                0x08001174       0x5e ../../libopencm3/lib/libopencm3_stm32f1.a(gpio.o)
                0x08001174                gpio_set_mode
 .text.gpio_set
                0x080011d2        0x4 ../../libopencm3/lib/libopencm3_stm32f1.a(gpio_common_all.o)
                0x080011d2                gpio_set
 .text.gpio_clear
                0x080011d6        0x6 ../../libopencm3/lib/libopencm3_stm32f1.a(gpio_common_all.o)
                0x080011d6                gpio_clear
 .text.gpio_get
                0x080011dc        0x6 ../../libopencm3/lib/libopencm3_stm32f1.a(gpio_common_all.o)
                0x080011dc                gpio_get
 .text.gpio_toggle
                0x080011e2       0x12 ../../libopencm3/lib/libopencm3_stm32f1.a(gpio_common_all.o)
                0x080011e2                gpio_toggle
 .text.rcc_is_osc_ready
                0x080011f4       0x58 ../../libopencm3/lib/libopencm3_stm32f1.a(rcc.o)
                0x080011f4                rcc_is_osc_ready
 .text.rcc_wait_for_osc_ready
                0x0800124c       0x10 ../../libopencm3/lib/libopencm3_stm32f1.a(rcc.o)
                0x0800124c                rcc_wait_for_osc_ready
 .text.rcc_osc_on
                0x0800125c       0x60 ../../libopencm3/lib/libopencm3_stm32f1.a(rcc.o)
                0x0800125c                rcc_osc_on
 .text.rcc_set_sysclk_source
                0x080012bc       0x14 ../../libopencm3/lib/libopencm3_stm32f1.a(rcc.o)
                0x080012bc                rcc_set_sysclk_source
 .text.rcc_set_pll_multiplication_factor
                0x080012d0       0x14 ../../libopencm3/lib/libopencm3_stm32f1.a(rcc.o)
                0x080012d0                rcc_set_pll_multiplication_factor
 .text.rcc_set_pll2_multiplication_factor
                0x080012e4       0x14 ../../libopencm3/lib/libopencm3_stm32f1.a(rcc.o)
                0x080012e4                rcc_set_pll2_multiplication_factor
 .text.rcc_set_pll3_multiplication_factor
                0x080012f8       0x14 ../../libopencm3/lib/libopencm3_stm32f1.a(rcc.o)
                0x080012f8                rcc_set_pll3_multiplication_factor
 .text.rcc_set_pll_source
                0x0800130c       0x14 ../../libopencm3/lib/libopencm3_stm32f1.a(rcc.o)
                0x0800130c                rcc_set_pll_source
 .text.rcc_set_pllxtpre
                0x08001320       0x14 ../../libopencm3/lib/libopencm3_stm32f1.a(rcc.o)
                0x08001320                rcc_set_pllxtpre
 .text.rcc_set_adcpre
                0x08001334       0x14 ../../libopencm3/lib/libopencm3_stm32f1.a(rcc.o)
                0x08001334                rcc_set_adcpre
 .text.rcc_set_ppre2
                0x08001348       0x14 ../../libopencm3/lib/libopencm3_stm32f1.a(rcc.o)
                0x08001348                rcc_set_ppre2
 .text.rcc_set_ppre1
                0x0800135c       0x14 ../../libopencm3/lib/libopencm3_stm32f1.a(rcc.o)
                0x0800135c                rcc_set_ppre1
 .text.rcc_set_hpre
                0x08001370       0x14 ../../libopencm3/lib/libopencm3_stm32f1.a(rcc.o)
                0x08001370                rcc_set_hpre
 .text.rcc_set_usbpre
                0x08001384       0x18 ../../libopencm3/lib/libopencm3_stm32f1.a(rcc.o)
                0x08001384                rcc_set_usbpre
 .text.rcc_set_prediv1
                0x0800139c       0x14 ../../libopencm3/lib/libopencm3_stm32f1.a(rcc.o)
                0x0800139c                rcc_set_prediv1
 .text.rcc_set_prediv2
                0x080013b0       0x14 ../../libopencm3/lib/libopencm3_stm32f1.a(rcc.o)
                0x080013b0                rcc_set_prediv2
 .text.rcc_set_prediv1_source
                0x080013c4       0x18 ../../libopencm3/lib/libopencm3_stm32f1.a(rcc.o)
                0x080013c4                rcc_set_prediv1_source
 .text.rcc_clock_setup_pll
                0x080013dc       0xbc ../../libopencm3/lib/libopencm3_stm32f1.a(rcc.o)
                0x080013dc                rcc_clock_setup_pll
 .text.rcc_get_usart_clk_freq
                0x08001498       0x1c ../../libopencm3/lib/libopencm3_stm32f1.a(rcc.o)
                0x08001498                rcc_get_usart_clk_freq
 .text.rcc_periph_clock_enable
                0x080014b4       0x1a ../../libopencm3/lib/libopencm3_stm32f1.a(rcc_common_all.o)
                0x080014b4                rcc_periph_clock_enable
 .text.rcc_periph_reset_pulse
                0x080014ce       0x22 ../../libopencm3/lib/libopencm3_stm32f1.a(rcc_common_all.o)
                0x080014ce                rcc_periph_reset_pulse
 .text.timer_set_mode
                0x080014f0       0x12 ../../libopencm3/lib/libopencm3_stm32f1.a(timer_common_all.o)
                0x080014f0                timer_set_mode
 .text.timer_enable_counter
                0x08001502        0xa ../../libopencm3/lib/libopencm3_stm32f1.a(timer_common_all.o)
                0x08001502                timer_enable_counter
 .text.timer_set_prescaler
                0x0800150c        0x4 ../../libopencm3/lib/libopencm3_stm32f1.a(timer_common_all.o)
                0x0800150c                timer_set_prescaler
 .text.timer_set_period
                0x08001510        0x4 ../../libopencm3/lib/libopencm3_stm32f1.a(timer_common_all.o)
                0x08001510                timer_set_period
 .text.timer_set_oc_mode
                0x08001514      0x18c ../../libopencm3/lib/libopencm3_stm32f1.a(timer_common_all.o)
                0x08001514                timer_set_oc_mode
 .text.timer_enable_oc_preload
                0x080016a0       0x34 ../../libopencm3/lib/libopencm3_stm32f1.a(timer_common_all.o)
                0x080016a0                timer_enable_oc_preload
 .text.timer_enable_oc_output
                0x080016d4       0x4a ../../libopencm3/lib/libopencm3_stm32f1.a(timer_common_all.o)
                0x080016d4                timer_enable_oc_output
 .text.timer_disable_oc_output
                0x0800171e       0x4a ../../libopencm3/lib/libopencm3_stm32f1.a(timer_common_all.o)
                0x0800171e                timer_disable_oc_output
 .text.timer_set_oc_value
                0x08001768       0x20 ../../libopencm3/lib/libopencm3_stm32f1.a(timer_common_all.o)
                0x08001768                timer_set_oc_value
 .text.usart_set_baudrate
                0x08001788       0x16 ../../libopencm3/lib/libopencm3_stm32f1.a(usart_common_all.o)
                0x08001788                usart_set_baudrate
 .text.usart_set_databits
                0x0800179e       0x12 ../../libopencm3/lib/libopencm3_stm32f1.a(usart_common_all.o)
                0x0800179e                usart_set_databits
 .text.usart_set_stopbits
                0x080017b0        0xc ../../libopencm3/lib/libopencm3_stm32f1.a(usart_common_all.o)
                0x080017b0                usart_set_stopbits
 .text.usart_set_parity
                0x080017bc        0xc ../../libopencm3/lib/libopencm3_stm32f1.a(usart_common_all.o)
                0x080017bc                usart_set_parity
 .text.usart_set_mode
                0x080017c8        0xc ../../libopencm3/lib/libopencm3_stm32f1.a(usart_common_all.o)
                0x080017c8                usart_set_mode
 .text.usart_set_flow_control
                0x080017d4        0xc ../../libopencm3/lib/libopencm3_stm32f1.a(usart_common_all.o)
                0x080017d4                usart_set_flow_control
 .text.usart_enable
                0x080017e0        0xa ../../libopencm3/lib/libopencm3_stm32f1.a(usart_common_all.o)
                0x080017e0                usart_enable
 .text.usart_send_blocking
                0x080017ea       0x16 ../../libopencm3/lib/libopencm3_stm32f1.a(usart_common_all.o)
                0x080017ea                usart_send_blocking
 .text.usart_send
                0x08001800        0x8 ../../libopencm3/lib/libopencm3_stm32f1.a(usart_common_f124.o)
                0x08001800                usart_send
 .text.usart_recv
                0x08001808        0x8 ../../libopencm3/lib/libopencm3_stm32f1.a(usart_common_f124.o)
                0x08001808                usart_recv
 .text.usart_wait_send_ready
                0x08001810        0x8 ../../libopencm3/lib/libopencm3_stm32f1.a(usart_common_f124.o)
                0x08001810                usart_wait_send_ready
 .text.blocking_handler
                0x08001818        0x2 ../../libopencm3/lib/libopencm3_stm32f1.a(vector.o)
                0x08001818                usart3_isr
                0x08001818                rtc_isr
                0x08001818                tim7_isr
                0x08001818                adc1_2_isr
                0x08001818                tim1_trg_com_isr
                0x08001818                usb_hp_can_tx_isr
                0x08001818                tim6_isr
                0x08001818                usb_wakeup_isr
                0x08001818                blocking_handler
                0x08001818                tim5_isr
                0x08001818                otg_fs_isr
                0x08001818                spi1_isr
                0x08001818                exti2_isr
                0x08001818                dma1_channel6_isr
                0x08001818                can_rx1_isr
                0x08001818                dma1_channel5_isr
                0x08001818                dma2_channel5_isr
                0x08001818                usart1_isr
                0x08001818                usage_fault_handler
                0x08001818                tim8_trg_com_isr
                0x08001818                can2_rx0_isr
                0x08001818                tim1_brk_isr
                0x08001818                can2_rx1_isr
                0x08001818                tim1_cc_isr
                0x08001818                sdio_isr
                0x08001818                eth_isr
                0x08001818                dma1_channel4_isr
                0x08001818                tim8_brk_isr
                0x08001818                dma2_channel4_5_isr
                0x08001818                pvd_isr
                0x08001818                rcc_isr
                0x08001818                flash_isr
                0x08001818                uart4_isr
                0x08001818                rtc_alarm_isr
                0x08001818                exti15_10_isr
                0x08001818                hard_fault_handler
                0x08001818                exti1_isr
                0x08001818                i2c1_ev_isr
                0x08001818                dma2_channel1_isr
                0x08001818                spi2_isr
                0x08001818                tim8_up_isr
                0x08001818                dma2_channel2_isr
                0x08001818                exti3_isr
                0x08001818                adc3_isr
                0x08001818                tim3_isr
                0x08001818                usart2_isr
                0x08001818                usb_lp_can_rx0_isr
                0x08001818                i2c2_er_isr
                0x08001818                i2c2_ev_isr
                0x08001818                uart5_isr
                0x08001818                fsmc_isr
                0x08001818                dma1_channel1_isr
                0x08001818                exti4_isr
                0x08001818                mem_manage_handler
                0x08001818                can2_tx_isr
                0x08001818                exti9_5_isr
                0x08001818                dma2_channel3_isr
                0x08001818                dma1_channel7_isr
                0x08001818                tim1_up_isr
                0x08001818                can2_sce_isr
                0x08001818                tim4_isr
                0x08001818                dma1_channel2_isr
                0x08001818                i2c1_er_isr
                0x08001818                can_sce_isr
                0x08001818                tim8_cc_isr
                0x08001818                tamper_isr
                0x08001818                eth_wkup_isr
                0x08001818                bus_fault_handler
                0x08001818                wwdg_isr
                0x08001818                dma1_channel3_isr
                0x08001818                spi3_isr
                0x08001818                tim2_isr
                0x08001818                exti0_isr
 .text.null_handler
                0x0800181a        0x2 ../../libopencm3/lib/libopencm3_stm32f1.a(vector.o)
                0x0800181a                null_handler
                0x0800181a                sv_call_handler
                0x0800181a                pend_sv_handler
                0x0800181a                debug_monitor_handler
                0x0800181a                sys_tick_handler
                0x0800181a                nmi_handler
 .text.reset_handler
                0x0800181c       0x94 ../../libopencm3/lib/libopencm3_stm32f1.a(vector.o)
                0x0800181c                reset_handler
 .text.flash_set_ws
                0x080018b0       0x14 ../../libopencm3/lib/libopencm3_stm32f1.a(flash_common_all.o)
                0x080018b0                flash_set_ws
 .text          0x080018c4       0x6c /usr/lib/gcc/arm-none-eabi/13.2.1/../../../arm-none-eabi/lib/thumb/v7-m/nofp/libc.a(libc_a-strncpy.o)
                0x080018c4                strncpy
 .text          0x08001930       0xa0 /usr/lib/gcc/arm-none-eabi/13.2.1/../../../arm-none-eabi/lib/thumb/v7-m/nofp/libc.a(libc_a-memset.o)
                0x08001930                memset
 .text          0x080019d0      0x1bc /usr/lib/gcc/arm-none-eabi/13.2.1/../../../arm-none-eabi/lib/thumb/v7-m/nofp/libc.a(libc_a-strcmp.o)
                0x080019d0                strcmp
 .text          0x08001b8c      0x10c /usr/lib/gcc/arm-none-eabi/13.2.1/../../../arm-none-eabi/lib/thumb/v7-m/nofp/libc.a(libc_a-snprintf.o)
                0x08001b8c                _snprintf_r
                0x08001c0c                snprintf
 .text          0x08001c98       0x5c /usr/lib/gcc/arm-none-eabi/13.2.1/../../../arm-none-eabi/lib/thumb/v7-m/nofp/libc.a(libc_a-strlen-stub.o)
                0x08001c98                strlen
 .text          0x08001cf4     0x1410 /usr/lib/gcc/arm-none-eabi/13.2.1/../../../arm-none-eabi/lib/thumb/v7-m/nofp/libc.a(libc_a-svfprintf.o)
                0x08001cf4                _svfprintf_r
 .text          0x08003104      0x55c /usr/lib/gcc/arm-none-eabi/13.2.1/../../../arm-none-eabi/lib/thumb/v7-m/nofp/libc.a(libc_a-mallocr.o)
                0x08003104                _malloc_r
 .text          0x08003660      0xfd4 /usr/lib/gcc/arm-none-eabi/13.2.1/../../../arm-none-eabi/lib/thumb/v7-m/nofp/libc.a(libc_a-dtoa.o)
                0x0800379c                _dtoa_r
 .text          0x08004634      0x2b0 /usr/lib/gcc/arm-none-eabi/13.2.1/../../../arm-none-eabi/lib/thumb/v7-m/nofp/libc.a(libc_a-freer.o)
                0x08004634                _malloc_trim_r
                0x080046ec                _free_r
 .text          0x080048e4       0xec /usr/lib/gcc/arm-none-eabi/13.2.1/../../../arm-none-eabi/lib/thumb/v7-m/nofp/libc.a(libc_a-memcpy.o)
                0x080048e4                memcpy
 .text          0x080049d0       0x1c /usr/lib/gcc/arm-none-eabi/13.2.1/../../../arm-none-eabi/lib/thumb/v7-m/nofp/libc.a(libc_a-sysconf.o)
                0x080049d0                sysconf
 .text          0x080049ec        0x8 /usr/lib/gcc/arm-none-eabi/13.2.1/../../../arm-none-eabi/lib/thumb/v7-m/nofp/libc.a(libc_a-mlock.o)
                0x080049ec                __malloc_lock
                0x080049f0                __malloc_unlock
 .text          0x080049f4      0x224 /usr/lib/gcc/arm-none-eabi/13.2.1/../../../arm-none-eabi/lib/thumb/v7-m/nofp/libc.a(libc_a-findfp.o)
                0x08004b24                __sfp
                0x08004bc8                __sinit
                0x08004be8                __sfp_lock_acquire
                0x08004bec                __sfp_lock_release
                0x08004bf0                __fp_lock_all
                0x08004c04                __fp_unlock_all
 .text          0x08004c18       0x58 /usr/lib/gcc/arm-none-eabi/13.2.1/../../../arm-none-eabi/lib/thumb/v7-m/nofp/libc.a(libc_a-ssprint_r.o)
                0x08004c18                __ssprint_r
 .text          0x08004c70       0x24 /usr/lib/gcc/arm-none-eabi/13.2.1/../../../arm-none-eabi/lib/thumb/v7-m/nofp/libc.a(libc_a-sbrkr.o)
                0x08004c70                _sbrk_r
 .text          0x08004c94       0x4c /usr/lib/gcc/arm-none-eabi/13.2.1/../../../arm-none-eabi/lib/thumb/v7-m/nofp/libc.a(libc_a-assert.o)
                0x08004c94                __assert_func
                0x08004cd4                __assert
 .text          0x08004ce0      0xa78 /usr/lib/gcc/arm-none-eabi/13.2.1/../../../arm-none-eabi/lib/thumb/v7-m/nofp/libc.a(libc_a-mprec.o)
                0x08004ce0                _Balloc
                0x08004d2c                _Bfree
                0x08004d40                __multadd
                0x08004de4                __s2b
                0x08004e94                __hi0bits
                0x08004ed8                __lo0bits
                0x08004f34                __i2b
                0x08004f90                __multiply
                0x080050f4                __pow5mult
                0x080051a8                __lshift
                0x08005294                __mcmp
                0x080052d4                __mdiff
                0x0800544c                __ulp
                0x0800549c                __b2d
                0x08005550                __d2b
                0x0800560c                __ratio
                0x08005668                _mprec_log10
                0x080056a0                __copybits
                0x08005700                __any_on
 .text          0x08005758       0x98 /usr/lib/gcc/arm-none-eabi/13.2.1/../../../arm-none-eabi/lib/thumb/v7-m/nofp/libc.a(libc_a-memchr-stub.o)
                0x08005758                memchr
 .text          0x080057f0       0x44 /usr/lib/gcc/arm-none-eabi/13.2.1/../../../arm-none-eabi/lib/thumb/v7-m/nofp/libc.a(libc_a-fwalk.o)
                0x080057f0                _fwalk_sglue
 .text          0x08005834       0x14 /usr/lib/gcc/arm-none-eabi/13.2.1/../../../arm-none-eabi/lib/thumb/v7-m/nofp/libc.a(libc_a-localeconv.o)
                0x08005834                __localeconv_l
                0x08005838                _localeconv_r
                0x08005840                localeconv
 .text          0x08005848       0x40 /usr/lib/gcc/arm-none-eabi/13.2.1/../../../arm-none-eabi/lib/thumb/v7-m/nofp/libc.a(libc_a-mbtowc_r.o)
                0x08005848                _mbtowc_r
                0x0800585c                __ascii_mbtowc
 .text          0x08005888        0xc /usr/lib/gcc/arm-none-eabi/13.2.1/../../../arm-none-eabi/lib/thumb/v7-m/nofp/libc.a(libc_a-errno.o)
                0x08005888                __errno
 .text          0x08005894       0x10 /usr/lib/gcc/arm-none-eabi/13.2.1/../../../arm-none-eabi/lib/thumb/v7-m/nofp/libc.a(libc_a-abort.o)
                0x08005894                abort
 .text          0x080058a4       0x6c /usr/lib/gcc/arm-none-eabi/13.2.1/../../../arm-none-eabi/lib/thumb/v7-m/nofp/libc.a(libc_a-callocr.o)
                0x080058a4                _calloc_r
 .text          0x08005910       0xc0 /usr/lib/gcc/arm-none-eabi/13.2.1/../../../arm-none-eabi/lib/thumb/v7-m/nofp/libc.a(libc_a-ssputs_r.o)
                0x08005910                __ssputs_r
 .text          0x080059d0       0x44 /usr/lib/gcc/arm-none-eabi/13.2.1/../../../arm-none-eabi/lib/thumb/v7-m/nofp/libc.a(libc_a-fiprintf.o)
                0x080059d0                _fiprintf_r
                0x080059ec                fiprintf
 .text          0x08005a14       0x90 /usr/lib/gcc/arm-none-eabi/13.2.1/../../../arm-none-eabi/lib/thumb/v7-m/nofp/libc.a(libc_a-fclose.o)
                0x08005a14                _fclose_r
                0x08005a94                fclose
 .text          0x08005aa4       0x30 /usr/lib/gcc/arm-none-eabi/13.2.1/../../../arm-none-eabi/lib/thumb/v7-m/nofp/libc.a(libc_a-wctomb_r.o)
                0x08005aa4                _wctomb_r
                0x08005ab8                __ascii_wctomb
 .text          0x08005ad4       0x94 /usr/lib/gcc/arm-none-eabi/13.2.1/../../../arm-none-eabi/lib/thumb/v7-m/nofp/libc.a(libc_a-stdio.o)
                0x08005ad4                __sread
                0x08005af8                __seofread
                0x08005afc                __swrite
                0x08005b3c                __sseek
                0x08005b60                __sclose
 .text          0x08005b68      0x34c /usr/lib/gcc/arm-none-eabi/13.2.1/../../../arm-none-eabi/lib/thumb/v7-m/nofp/libc.a(libc_a-reallocr.o)
                0x08005b68                _realloc_r
 .text          0x08005eb4       0x2c /usr/lib/gcc/arm-none-eabi/13.2.1/../../../arm-none-eabi/lib/thumb/v7-m/nofp/libc.a(libc_a-writer.o)
                0x08005eb4                _write_r
 .text          0x08005ee0       0x24 /usr/lib/gcc/arm-none-eabi/13.2.1/../../../arm-none-eabi/lib/thumb/v7-m/nofp/libc.a(libc_a-closer.o)
                0x08005ee0                _close_r
 .text          0x08005f04      0x284 /usr/lib/gcc/arm-none-eabi/13.2.1/../../../arm-none-eabi/lib/thumb/v7-m/nofp/libc.a(libc_a-signal.o)
                0x08005f04                _init_signal_r
                0x08005f34                _signal_r
                0x08005f84                _raise_r
                0x08005fd8                __sigtramp_r
                0x08006040                raise
                0x08006098                signal
                0x080060e8                _init_signal
                0x08006120                __sigtramp
 .text          0x08006188       0x2c /usr/lib/gcc/arm-none-eabi/13.2.1/../../../arm-none-eabi/lib/thumb/v7-m/nofp/libc.a(libc_a-signalr.o)
                0x08006188                _kill_r
                0x080061b0                _getpid_r
 .text          0x080061b4      0x19c /usr/lib/gcc/arm-none-eabi/13.2.1/../../../arm-none-eabi/lib/thumb/v7-m/nofp/libc.a(libc_a-fflush.o)
                0x080061b4                __sflush_r
                0x080062dc                _fflush_r
                0x08006308                fflush
 .text          0x08006350       0xfc /usr/lib/gcc/arm-none-eabi/13.2.1/../../../arm-none-eabi/lib/thumb/v7-m/nofp/libc.a(libc_a-memmove.o)
                0x08006350                memmove
 .text          0x0800644c      0xb50 /usr/lib/gcc/arm-none-eabi/13.2.1/../../../arm-none-eabi/lib/thumb/v7-m/nofp/libc.a(libc_a-vfiprintf.o)
                0x0800644c                _vfiprintf_r
                0x08006f14                vfiprintf
 .text          0x08006f9c       0x2c /usr/lib/gcc/arm-none-eabi/13.2.1/../../../arm-none-eabi/lib/thumb/v7-m/nofp/libc.a(libc_a-readr.o)
                0x08006f9c                _read_r
 .text          0x08006fc8       0xc4 /usr/lib/gcc/arm-none-eabi/13.2.1/../../../arm-none-eabi/lib/thumb/v7-m/nofp/libc.a(libc_a-wsetup.o)
                0x08006fc8                __swsetup_r
 .text          0x0800708c       0x2c /usr/lib/gcc/arm-none-eabi/13.2.1/../../../arm-none-eabi/lib/thumb/v7-m/nofp/libc.a(libc_a-lseekr.o)
                0x0800708c                _lseek_r
 .text          0x080070b8       0x20 /usr/lib/gcc/arm-none-eabi/13.2.1/../../../arm-none-eabi/lib/thumb/v7-m/nofp/libc.a(libc_a-sprint_r.o)
                0x080070b8                __sprint_r
 .text          0x080070d8      0x13c /usr/lib/gcc/arm-none-eabi/13.2.1/../../../arm-none-eabi/lib/thumb/v7-m/nofp/libc.a(libc_a-makebuf.o)
                0x080070d8                __smakebuf_r
                0x080071b4                __swhatbuf_r
 .text          0x08007214       0x28 /usr/lib/gcc/arm-none-eabi/13.2.1/../../../arm-none-eabi/lib/thumb/v7-m/nofp/libc.a(libc_a-fstatr.o)
                0x08007214                _fstat_r
 .text          0x0800723c       0x24 /usr/lib/gcc/arm-none-eabi/13.2.1/../../../arm-none-eabi/lib/thumb/v7-m/nofp/libc.a(libc_a-isattyr.o)
                0x0800723c                _isatty_r
 .text          0x08007260      0x2ec /usr/lib/gcc/arm-none-eabi/13.2.1/../../../arm-none-eabi/lib/thumb/v7-m/nofp/libc.a(libc_a-fvwrite.o)
                0x08007260                __sfvwrite_r
 .text          0x0800754c      0x378 /usr/lib/gcc/arm-none-eabi/13.2.1/thumb/v7-m/nofp/libgcc.a(_arm_addsubdf3.o)
                0x0800754c                __aeabi_drsub
                0x08007554                __aeabi_dsub
                0x08007554                __subdf3
                0x08007558                __adddf3
                0x08007558                __aeabi_dadd
                0x080077d0                __aeabi_ui2d
                0x080077d0                __floatunsidf
                0x080077f0                __floatsidf
                0x080077f0                __aeabi_i2d
                0x08007814                __extendsfdf2
                0x08007814                __aeabi_f2d
                0x08007858                __aeabi_ul2d
                0x08007858                __floatundidf
                0x08007868                __floatdidf
                0x08007868                __aeabi_l2d
 .text          0x080078c4      0x424 /usr/lib/gcc/arm-none-eabi/13.2.1/thumb/v7-m/nofp/libgcc.a(_arm_muldivdf3.o)
                0x080078c4                __aeabi_dmul
                0x080078c4                __muldf3
                0x08007b18                __aeabi_ddiv
                0x08007b18                __divdf3
 .text          0x08007ce8      0x110 /usr/lib/gcc/arm-none-eabi/13.2.1/thumb/v7-m/nofp/libgcc.a(_arm_cmpdf2.o)
                0x08007ce8                __gtdf2
                0x08007ce8                __gedf2
                0x08007cf0                __ltdf2
                0x08007cf0                __ledf2
                0x08007cf8                __cmpdf2
                0x08007cf8                __eqdf2
                0x08007cf8                __nedf2
                0x08007d74                __aeabi_cdrcmple
                0x08007d84                __aeabi_cdcmple
                0x08007d84                __aeabi_cdcmpeq
                0x08007d94                __aeabi_dcmpeq
                0x08007da8                __aeabi_dcmplt
                0x08007dbc                __aeabi_dcmple
                0x08007dd0                __aeabi_dcmpge
                0x08007de4                __aeabi_dcmpgt
 .text          0x08007df8       0x2c /usr/lib/gcc/arm-none-eabi/13.2.1/thumb/v7-m/nofp/libgcc.a(_arm_unorddf2.o)
                0x08007df8                __aeabi_dcmpun
                0x08007df8                __unorddf2
 .text          0x08007e24       0x50 /usr/lib/gcc/arm-none-eabi/13.2.1/thumb/v7-m/nofp/libgcc.a(_arm_fixdfsi.o)
                0x08007e24                __fixdfsi
                0x08007e24                __aeabi_d2iz
 .text          0x08007e74       0x10 /usr/lib/gcc/arm-none-eabi/13.2.1/../../../arm-none-eabi/lib/thumb/v7-m/nofp/libnosys.a(close.o)
                0x08007e74                _close
 .text          0x08007e84       0x10 /usr/lib/gcc/arm-none-eabi/13.2.1/../../../arm-none-eabi/lib/thumb/v7-m/nofp/libnosys.a(fstat.o)
                0x08007e84                _fstat
 .text          0x08007e94       0x10 /usr/lib/gcc/arm-none-eabi/13.2.1/../../../arm-none-eabi/lib/thumb/v7-m/nofp/libnosys.a(getpid.o)
                0x08007e94                _getpid
 .text          0x08007ea4       0x10 /usr/lib/gcc/arm-none-eabi/13.2.1/../../../arm-none-eabi/lib/thumb/v7-m/nofp/libnosys.a(isatty.o)
                0x08007ea4                _isatty
 .text          0x08007eb4       0x10 /usr/lib/gcc/arm-none-eabi/13.2.1/../../../arm-none-eabi/lib/thumb/v7-m/nofp/libnosys.a(kill.o)
                0x08007eb4                _kill
 .text          0x08007ec4       0x10 /usr/lib/gcc/arm-none-eabi/13.2.1/../../../arm-none-eabi/lib/thumb/v7-m/nofp/libnosys.a(lseek.o)
                0x08007ec4                _lseek
 .text          0x08007ed4       0x10 /usr/lib/gcc/arm-none-eabi/13.2.1/../../../arm-none-eabi/lib/thumb/v7-m/nofp/libnosys.a(read.o)
                0x08007ed4                _read
 .text          0x08007ee4       0x1c /usr/lib/gcc/arm-none-eabi/13.2.1/../../../arm-none-eabi/lib/thumb/v7-m/nofp/libnosys.a(sbrk.o)
                0x08007ee4                _sbrk
 .text          0x08007f00       0x10 /usr/lib/gcc/arm-none-eabi/13.2.1/../../../arm-none-eabi/lib/thumb/v7-m/nofp/libnosys.a(write.o)
                0x08007f00                _write
 .text          0x08007f10        0x4 /usr/lib/gcc/arm-none-eabi/13.2.1/../../../arm-none-eabi/lib/thumb/v7-m/nofp/libnosys.a(_exit.o)
                0x08007f10                _exit
 *(.rodata*)
 .rodata        0x08007f14      0x195 bin/main.o
 *fill*         0x080080a9        0x3 
 .rodata.rcc_hse_configs
                0x080080ac       0x8c ../../libopencm3/lib/libopencm3_stm32f1.a(rcc.o)
                0x080080ac                rcc_hse_configs
 .rodata.str1.4
                0x08008138      0x112 /usr/lib/gcc/arm-none-eabi/13.2.1/../../../arm-none-eabi/lib/thumb/v7-m/nofp/libc.a(libc_a-svfprintf.o)
                                 0x42 (size before relaxing)
 *fill*         0x0800824a        0x2 
 .rodata        0x0800824c       0x20 /usr/lib/gcc/arm-none-eabi/13.2.1/../../../arm-none-eabi/lib/thumb/v7-m/nofp/libc.a(libc_a-svfprintf.o)
 .rodata.str1.4
                0x0800826c       0x54 /usr/lib/gcc/arm-none-eabi/13.2.1/../../../arm-none-eabi/lib/thumb/v7-m/nofp/libc.a(libc_a-dtoa.o)
 .rodata.str1.4
                0x0800826c       0x43 /usr/lib/gcc/arm-none-eabi/13.2.1/../../../arm-none-eabi/lib/thumb/v7-m/nofp/libc.a(libc_a-assert.o)
 .rodata.str1.4
                0x0800826c       0x41 /usr/lib/gcc/arm-none-eabi/13.2.1/../../../arm-none-eabi/lib/thumb/v7-m/nofp/libc.a(libc_a-mprec.o)
 *fill*         0x0800826c        0x4 
 .rodata        0x08008270      0x128 /usr/lib/gcc/arm-none-eabi/13.2.1/../../../arm-none-eabi/lib/thumb/v7-m/nofp/libc.a(libc_a-mprec.o)
                0x08008280                __mprec_tens
                0x08008348                __mprec_tinytens
                0x08008370                __mprec_bigtens
 .rodata.str1.4
                0x08008398       0x12 /usr/lib/gcc/arm-none-eabi/13.2.1/../../../arm-none-eabi/lib/thumb/v7-m/nofp/libc.a(libc_a-locale.o)
 .rodata        0x08008398      0x101 /usr/lib/gcc/arm-none-eabi/13.2.1/../../../arm-none-eabi/lib/thumb/v7-m/nofp/libc.a(libc_a-ctype_.o)
                0x08008398                _ctype_
 .rodata.str1.4
                0x08008499       0x2f /usr/lib/gcc/arm-none-eabi/13.2.1/../../../arm-none-eabi/lib/thumb/v7-m/nofp/libc.a(libc_a-vfiprintf.o)
 *fill*         0x08008499        0x3 
 .rodata        0x0800849c       0x20 /usr/lib/gcc/arm-none-eabi/13.2.1/../../../arm-none-eabi/lib/thumb/v7-m/nofp/libc.a(libc_a-vfiprintf.o)
 *(.glue_7)
 .glue_7        0x080084bc        0x0 linker stubs
 *(.glue_7t)
 .glue_7t       0x080084bc        0x0 linker stubs
 *(.eh_frame)

.vfp11_veneer   0x080084bc        0x0
 .vfp11_veneer  0x080084bc        0x0 linker stubs

.v4_bx          0x080084bc        0x0
 .v4_bx         0x080084bc        0x0 linker stubs

.iplt           0x080084bc        0x0
 .iplt          0x080084bc        0x0 bin/main.o

.rel.dyn        0x080084bc        0x0
 .rel.iplt      0x080084bc        0x0 bin/main.o

.data           0x20000000      0x6e0 load address 0x080084bc
                0x20000000                        _data = .
                0x080084bc                        _data_loadaddr = LOADADDR (.data)
 *(.data*)
 .data          0x20000000       0x21 bin/main.o
                0x20000000                codigos_maestros
                0x20000014                buzones_ocupados
                0x2000001c                prev_boton
 *fill*         0x20000021        0x3 
 .data.rcc_ahb_frequency
                0x20000024        0x4 ../../libopencm3/lib/libopencm3_stm32f1.a(rcc.o)
                0x20000024                rcc_ahb_frequency
 .data.rcc_apb2_frequency
                0x20000028        0x4 ../../libopencm3/lib/libopencm3_stm32f1.a(rcc.o)
                0x20000028                rcc_apb2_frequency
 .data.rcc_apb1_frequency
                0x2000002c        0x4 ../../libopencm3/lib/libopencm3_stm32f1.a(rcc.o)
                0x2000002c                rcc_apb1_frequency
 .data          0x20000030      0x128 /usr/lib/gcc/arm-none-eabi/13.2.1/../../../arm-none-eabi/lib/thumb/v7-m/nofp/libc.a(libc_a-impure.o)
                0x20000030                _impure_ptr
                0x20000038                _impure_data
 .data          0x20000158      0x410 /usr/lib/gcc/arm-none-eabi/13.2.1/../../../arm-none-eabi/lib/thumb/v7-m/nofp/libc.a(libc_a-mallocr.o)
                0x20000158                __malloc_av_
                0x20000560                __malloc_sbrk_base
                0x20000564                __malloc_trim_threshold
 .data          0x20000568        0xc /usr/lib/gcc/arm-none-eabi/13.2.1/../../../arm-none-eabi/lib/thumb/v7-m/nofp/libc.a(libc_a-findfp.o)
                0x20000568                __sglue
 .data          0x20000574      0x16c /usr/lib/gcc/arm-none-eabi/13.2.1/../../../arm-none-eabi/lib/thumb/v7-m/nofp/libc.a(libc_a-locale.o)
                0x20000574                __global_locale
                0x200006e0                        . = ALIGN (0x4)
                0x200006e0                        _edata = .

.igot.plt       0x200006e0        0x0 load address 0x08008b9c
 .igot.plt      0x200006e0        0x0 bin/main.o

.bss            0x200006e0      0x21c load address 0x08008b9c
                0x200006e0                        _bss = .
 *(.bss*)
 .bss           0x200006e0       0xa1 bin/main.o
                0x200006e0                pin_usuario
                0x200006e4                digitos_ingresados
                0x200006e8                rx_count
                0x200006ec                ae_count
                0x200006f0                irq_count
                0x200006f4                pb_count
                0x200006f8                pm_count
                0x200006fc                pe_count
                0x20000700                qd_count
                0x20000704                uart_parser
                0x20000740                response_buf
 *fill*         0x20000781        0x3 
 .bss           0x20000784       0x34 /usr/lib/gcc/arm-none-eabi/13.2.1/../../../arm-none-eabi/lib/thumb/v7-m/nofp/libc.a(libc_a-mallocr.o)
                0x20000784                __malloc_top_pad
                0x20000788                __malloc_current_mallinfo
                0x200007b0                __malloc_max_sbrked_mem
                0x200007b4                __malloc_max_total_mem
 .bss           0x200007b8      0x13c /usr/lib/gcc/arm-none-eabi/13.2.1/../../../arm-none-eabi/lib/thumb/v7-m/nofp/libc.a(libc_a-findfp.o)
                0x200007b8                __sf
                0x200008f0                __stdio_exit_handler
 .bss           0x200008f4        0x4 /usr/lib/gcc/arm-none-eabi/13.2.1/../../../arm-none-eabi/lib/thumb/v7-m/nofp/libc.a(libc_a-reent.o)
                0x200008f4                errno
 .bss           0x200008f8        0x4 /usr/lib/gcc/arm-none-eabi/13.2.1/../../../arm-none-eabi/lib/thumb/v7-m/nofp/libnosys.a(sbrk.o)
 *(COMMON)
                0x200008fc                        . = ALIGN (0x4)
                0x200008fc                        _ebss = .

.init_array     0x200008fc        0x0
                0x200008fc                        __init_array_start = .
 *(.init_array*)
                0x200008fc                        __init_array_end = .

.fini_array     0x200008fc        0x0
                0x200008fc                        __fini_array_start = .
 *(.fini_array*)
                0x200008fc                        __fini_array_end = .

.preinit_array  0x200008fc        0x0
                0x200008fc                        __preinit_array_start = .
 *(.preinit_array*)
                0x200008fc                        __preinit_array_end = .
                0x080084bc                        _etext = (LOADADDR (.text) + SIZEOF (.text))

/DISCARD/
 *(.ARM.exidx*)
                0x200008fc                        PROVIDE (end = _ebss)
OUTPUT(bin/main.elf elf32-littlearm)
LOAD linker stubs

.debug_info     0x00000000    0x21697
 .debug_info    0x00000000     0x12ae bin/main.o
 .debug_info    0x000012ae      0x37d ../../libopencm3/lib/libopencm3_stm32f1.a(adc.o)
 .debug_info    0x0000162b      0x831 ../../libopencm3/lib/libopencm3_stm32f1.a(adc_common_v1.o)
 .debug_info    0x00001e5c      0x1d1 ../../libopencm3/lib/libopencm3_stm32f1.a(gpio.o)
 .debug_info    0x0000202d      0x23a ../../libopencm3/lib/libopencm3_stm32f1.a(gpio_common_all.o)
 .debug_info    0x00002267     0x14b6 ../../libopencm3/lib/libopencm3_stm32f1.a(rcc.o)
 .debug_info    0x0000371d      0x5e6 ../../libopencm3/lib/libopencm3_stm32f1.a(rcc_common_all.o)
 .debug_info    0x00003d03      0xfea ../../libopencm3/lib/libopencm3_stm32f1.a(timer_common_all.o)
 .debug_info    0x00004ced      0x649 ../../libopencm3/lib/libopencm3_stm32f1.a(usart_common_all.o)
 .debug_info    0x00005336      0x176 ../../libopencm3/lib/libopencm3_stm32f1.a(usart_common_f124.o)
 .debug_info    0x000054ac      0x2b8 ../../libopencm3/lib/libopencm3_stm32f1.a(vector.o)
 .debug_info    0x00005764       0xe5 ../../libopencm3/lib/libopencm3_stm32f1.a(flash_common_all.o)
 .debug_info    0x00005849      0x14a /usr/lib/gcc/arm-none-eabi/13.2.1/../../../arm-none-eabi/lib/thumb/v7-m/nofp/libc.a(libc_a-strncpy.o)
 .debug_info    0x00005993      0x135 /usr/lib/gcc/arm-none-eabi/13.2.1/../../../arm-none-eabi/lib/thumb/v7-m/nofp/libc.a(libc_a-memset.o)
 .debug_info    0x00005ac8       0x33 /usr/lib/gcc/arm-none-eabi/13.2.1/../../../arm-none-eabi/lib/thumb/v7-m/nofp/libc.a(libc_a-strcmp.o)
 .debug_info    0x00005afb      0x91d /usr/lib/gcc/arm-none-eabi/13.2.1/../../../arm-none-eabi/lib/thumb/v7-m/nofp/libc.a(libc_a-snprintf.o)
 .debug_info    0x00006418       0xbd /usr/lib/gcc/arm-none-eabi/13.2.1/../../../arm-none-eabi/lib/thumb/v7-m/nofp/libc.a(libc_a-strlen-stub.o)
 .debug_info    0x000064d5     0x178b /usr/lib/gcc/arm-none-eabi/13.2.1/../../../arm-none-eabi/lib/thumb/v7-m/nofp/libc.a(libc_a-svfprintf.o)
 .debug_info    0x00007c60      0x729 /usr/lib/gcc/arm-none-eabi/13.2.1/../../../arm-none-eabi/lib/thumb/v7-m/nofp/libc.a(libc_a-impure.o)
 .debug_info    0x00008389      0xcd9 /usr/lib/gcc/arm-none-eabi/13.2.1/../../../arm-none-eabi/lib/thumb/v7-m/nofp/libc.a(libc_a-mallocr.o)
 .debug_info    0x00009062     0x18d8 /usr/lib/gcc/arm-none-eabi/13.2.1/../../../arm-none-eabi/lib/thumb/v7-m/nofp/libc.a(libc_a-dtoa.o)
 .debug_info    0x0000a93a      0xb55 /usr/lib/gcc/arm-none-eabi/13.2.1/../../../arm-none-eabi/lib/thumb/v7-m/nofp/libc.a(libc_a-freer.o)
 .debug_info    0x0000b48f       0x33 /usr/lib/gcc/arm-none-eabi/13.2.1/../../../arm-none-eabi/lib/thumb/v7-m/nofp/libc.a(libc_a-memcpy.o)
 .debug_info    0x0000b4c2       0xc1 /usr/lib/gcc/arm-none-eabi/13.2.1/../../../arm-none-eabi/lib/thumb/v7-m/nofp/libc.a(libc_a-sysconf.o)
 .debug_info    0x0000b583      0x73a /usr/lib/gcc/arm-none-eabi/13.2.1/../../../arm-none-eabi/lib/thumb/v7-m/nofp/libc.a(libc_a-mlock.o)
 .debug_info    0x0000bcbd      0xea8 /usr/lib/gcc/arm-none-eabi/13.2.1/../../../arm-none-eabi/lib/thumb/v7-m/nofp/libc.a(libc_a-findfp.o)
 .debug_info    0x0000cb65      0x840 /usr/lib/gcc/arm-none-eabi/13.2.1/../../../arm-none-eabi/lib/thumb/v7-m/nofp/libc.a(libc_a-ssprint_r.o)
 .debug_info    0x0000d3a5      0x796 /usr/lib/gcc/arm-none-eabi/13.2.1/../../../arm-none-eabi/lib/thumb/v7-m/nofp/libc.a(libc_a-sbrkr.o)
 .debug_info    0x0000db3b      0x843 /usr/lib/gcc/arm-none-eabi/13.2.1/../../../arm-none-eabi/lib/thumb/v7-m/nofp/libc.a(libc_a-assert.o)
 .debug_info    0x0000e37e     0x1e35 /usr/lib/gcc/arm-none-eabi/13.2.1/../../../arm-none-eabi/lib/thumb/v7-m/nofp/libc.a(libc_a-mprec.o)
 .debug_info    0x000101b3      0x14a /usr/lib/gcc/arm-none-eabi/13.2.1/../../../arm-none-eabi/lib/thumb/v7-m/nofp/libc.a(libc_a-memchr-stub.o)
 .debug_info    0x000102fd      0x7e4 /usr/lib/gcc/arm-none-eabi/13.2.1/../../../arm-none-eabi/lib/thumb/v7-m/nofp/libc.a(libc_a-fwalk.o)
 .debug_info    0x00010ae1      0xa2c /usr/lib/gcc/arm-none-eabi/13.2.1/../../../arm-none-eabi/lib/thumb/v7-m/nofp/libc.a(libc_a-localeconv.o)
 .debug_info    0x0001150d      0xbd7 /usr/lib/gcc/arm-none-eabi/13.2.1/../../../arm-none-eabi/lib/thumb/v7-m/nofp/libc.a(libc_a-locale.o)
 .debug_info    0x000120e4      0xace /usr/lib/gcc/arm-none-eabi/13.2.1/../../../arm-none-eabi/lib/thumb/v7-m/nofp/libc.a(libc_a-mbtowc_r.o)
 .debug_info    0x00012bb2      0x70f /usr/lib/gcc/arm-none-eabi/13.2.1/../../../arm-none-eabi/lib/thumb/v7-m/nofp/libc.a(libc_a-errno.o)
 .debug_info    0x000132c1       0xd8 /usr/lib/gcc/arm-none-eabi/13.2.1/../../../arm-none-eabi/lib/thumb/v7-m/nofp/libc.a(libc_a-abort.o)
 .debug_info    0x00013399      0x8d9 /usr/lib/gcc/arm-none-eabi/13.2.1/../../../arm-none-eabi/lib/thumb/v7-m/nofp/libc.a(libc_a-callocr.o)
 .debug_info    0x00013c72      0x8c2 /usr/lib/gcc/arm-none-eabi/13.2.1/../../../arm-none-eabi/lib/thumb/v7-m/nofp/libc.a(libc_a-ssputs_r.o)
 .debug_info    0x00014534      0x872 /usr/lib/gcc/arm-none-eabi/13.2.1/../../../arm-none-eabi/lib/thumb/v7-m/nofp/libc.a(libc_a-fiprintf.o)
 .debug_info    0x00014da6      0x8e6 /usr/lib/gcc/arm-none-eabi/13.2.1/../../../arm-none-eabi/lib/thumb/v7-m/nofp/libc.a(libc_a-fclose.o)
 .debug_info    0x0001568c      0xa8e /usr/lib/gcc/arm-none-eabi/13.2.1/../../../arm-none-eabi/lib/thumb/v7-m/nofp/libc.a(libc_a-wctomb_r.o)
 .debug_info    0x0001611a      0xa9e /usr/lib/gcc/arm-none-eabi/13.2.1/../../../arm-none-eabi/lib/thumb/v7-m/nofp/libc.a(libc_a-stdio.o)
 .debug_info    0x00016bb8      0x831 /usr/lib/gcc/arm-none-eabi/13.2.1/../../../arm-none-eabi/lib/thumb/v7-m/nofp/libc.a(libc_a-reent.o)
 .debug_info    0x000173e9      0xbc9 /usr/lib/gcc/arm-none-eabi/13.2.1/../../../arm-none-eabi/lib/thumb/v7-m/nofp/libc.a(libc_a-reallocr.o)
 .debug_info    0x00017fb2      0x7d9 /usr/lib/gcc/arm-none-eabi/13.2.1/../../../arm-none-eabi/lib/thumb/v7-m/nofp/libc.a(libc_a-writer.o)
 .debug_info    0x0001878b       0xb9 /usr/lib/gcc/arm-none-eabi/13.2.1/../../../arm-none-eabi/lib/thumb/v7-m/nofp/libc.a(libc_a-ctype_.o)
 .debug_info    0x00018844      0x770 /usr/lib/gcc/arm-none-eabi/13.2.1/../../../arm-none-eabi/lib/thumb/v7-m/nofp/libc.a(libc_a-closer.o)
 .debug_info    0x00018fb4      0xc57 /usr/lib/gcc/arm-none-eabi/13.2.1/../../../arm-none-eabi/lib/thumb/v7-m/nofp/libc.a(libc_a-signal.o)
 .debug_info    0x00019c0b      0x7fd /usr/lib/gcc/arm-none-eabi/13.2.1/../../../arm-none-eabi/lib/thumb/v7-m/nofp/libc.a(libc_a-signalr.o)
 .debug_info    0x0001a408      0xa4c /usr/lib/gcc/arm-none-eabi/13.2.1/../../../arm-none-eabi/lib/thumb/v7-m/nofp/libc.a(libc_a-fflush.o)
 .debug_info    0x0001ae54      0x148 /usr/lib/gcc/arm-none-eabi/13.2.1/../../../arm-none-eabi/lib/thumb/v7-m/nofp/libc.a(libc_a-memmove.o)
 .debug_info    0x0001af9c     0x1210 /usr/lib/gcc/arm-none-eabi/13.2.1/../../../arm-none-eabi/lib/thumb/v7-m/nofp/libc.a(libc_a-vfiprintf.o)
 .debug_info    0x0001c1ac      0x7d3 /usr/lib/gcc/arm-none-eabi/13.2.1/../../../arm-none-eabi/lib/thumb/v7-m/nofp/libc.a(libc_a-readr.o)
 .debug_info    0x0001c97f      0x7cf /usr/lib/gcc/arm-none-eabi/13.2.1/../../../arm-none-eabi/lib/thumb/v7-m/nofp/libc.a(libc_a-wsetup.o)
 .debug_info    0x0001d14e      0x7bc /usr/lib/gcc/arm-none-eabi/13.2.1/../../../arm-none-eabi/lib/thumb/v7-m/nofp/libc.a(libc_a-lseekr.o)
 .debug_info    0x0001d90a      0x7ff /usr/lib/gcc/arm-none-eabi/13.2.1/../../../arm-none-eabi/lib/thumb/v7-m/nofp/libc.a(libc_a-sprint_r.o)
 .debug_info    0x0001e109      0xc08 /usr/lib/gcc/arm-none-eabi/13.2.1/../../../arm-none-eabi/lib/thumb/v7-m/nofp/libc.a(libc_a-makebuf.o)
 .debug_info    0x0001ed11      0x995 /usr/lib/gcc/arm-none-eabi/13.2.1/../../../arm-none-eabi/lib/thumb/v7-m/nofp/libc.a(libc_a-fstatr.o)
 .debug_info    0x0001f6a6      0x770 /usr/lib/gcc/arm-none-eabi/13.2.1/../../../arm-none-eabi/lib/thumb/v7-m/nofp/libc.a(libc_a-isattyr.o)
 .debug_info    0x0001fe16      0xb3c /usr/lib/gcc/arm-none-eabi/13.2.1/../../../arm-none-eabi/lib/thumb/v7-m/nofp/libc.a(libc_a-fvwrite.o)
 .debug_info    0x00020952       0xd3 /usr/lib/gcc/arm-none-eabi/13.2.1/thumb/v7-m/nofp/libgcc.a(_arm_addsubdf3.o)
 .debug_info    0x00020a25       0x57 /usr/lib/gcc/arm-none-eabi/13.2.1/thumb/v7-m/nofp/libgcc.a(_arm_muldivdf3.o)
 .debug_info    0x00020a7c       0xdf /usr/lib/gcc/arm-none-eabi/13.2.1/thumb/v7-m/nofp/libgcc.a(_arm_cmpdf2.o)
 .debug_info    0x00020b5b       0x3c /usr/lib/gcc/arm-none-eabi/13.2.1/thumb/v7-m/nofp/libgcc.a(_arm_unorddf2.o)
 .debug_info    0x00020b97       0x3c /usr/lib/gcc/arm-none-eabi/13.2.1/thumb/v7-m/nofp/libgcc.a(_arm_fixdfsi.o)
 .debug_info    0x00020bd3       0xde /usr/lib/gcc/arm-none-eabi/13.2.1/../../../arm-none-eabi/lib/thumb/v7-m/nofp/libnosys.a(close.o)
 .debug_info    0x00020cb1      0x2f7 /usr/lib/gcc/arm-none-eabi/13.2.1/../../../arm-none-eabi/lib/thumb/v7-m/nofp/libnosys.a(fstat.o)
 .debug_info    0x00020fa8       0xc9 /usr/lib/gcc/arm-none-eabi/13.2.1/../../../arm-none-eabi/lib/thumb/v7-m/nofp/libnosys.a(getpid.o)
 .debug_info    0x00021071       0xde /usr/lib/gcc/arm-none-eabi/13.2.1/../../../arm-none-eabi/lib/thumb/v7-m/nofp/libnosys.a(isatty.o)
 .debug_info    0x0002114f       0xec /usr/lib/gcc/arm-none-eabi/13.2.1/../../../arm-none-eabi/lib/thumb/v7-m/nofp/libnosys.a(kill.o)
 .debug_info    0x0002123b      0x100 /usr/lib/gcc/arm-none-eabi/13.2.1/../../../arm-none-eabi/lib/thumb/v7-m/nofp/libnosys.a(lseek.o)
 .debug_info    0x0002133b      0x106 /usr/lib/gcc/arm-none-eabi/13.2.1/../../../arm-none-eabi/lib/thumb/v7-m/nofp/libnosys.a(read.o)
 .debug_info    0x00021441       0xac /usr/lib/gcc/arm-none-eabi/13.2.1/../../../arm-none-eabi/lib/thumb/v7-m/nofp/libnosys.a(sbrk.o)
 .debug_info    0x000214ed      0x106 /usr/lib/gcc/arm-none-eabi/13.2.1/../../../arm-none-eabi/lib/thumb/v7-m/nofp/libnosys.a(write.o)
 .debug_info    0x000215f3       0xa4 /usr/lib/gcc/arm-none-eabi/13.2.1/../../../arm-none-eabi/lib/thumb/v7-m/nofp/libnosys.a(_exit.o)

.debug_abbrev   0x00000000     0x8048
 .debug_abbrev  0x00000000      0x2fd bin/main.o
 .debug_abbrev  0x000002fd      0x196 ../../libopencm3/lib/libopencm3_stm32f1.a(adc.o)
 .debug_abbrev  0x00000493      0x1ac ../../libopencm3/lib/libopencm3_stm32f1.a(adc_common_v1.o)
 .debug_abbrev  0x0000063f       0xd3 ../../libopencm3/lib/libopencm3_stm32f1.a(gpio.o)
 .debug_abbrev  0x00000712      0x117 ../../libopencm3/lib/libopencm3_stm32f1.a(gpio_common_all.o)
 .debug_abbrev  0x00000829      0x2bf ../../libopencm3/lib/libopencm3_stm32f1.a(rcc.o)
 .debug_abbrev  0x00000ae8      0x186 ../../libopencm3/lib/libopencm3_stm32f1.a(rcc_common_all.o)
 .debug_abbrev  0x00000c6e      0x1ad ../../libopencm3/lib/libopencm3_stm32f1.a(timer_common_all.o)
 .debug_abbrev  0x00000e1b      0x1ab ../../libopencm3/lib/libopencm3_stm32f1.a(usart_common_all.o)
 .debug_abbrev  0x00000fc6       0xb8 ../../libopencm3/lib/libopencm3_stm32f1.a(usart_common_f124.o)
 .debug_abbrev  0x0000107e      0x149 ../../libopencm3/lib/libopencm3_stm32f1.a(vector.o)
 .debug_abbrev  0x000011c7       0x96 ../../libopencm3/lib/libopencm3_stm32f1.a(flash_common_all.o)
 .debug_abbrev  0x0000125d       0xbe /usr/lib/gcc/arm-none-eabi/13.2.1/../../../arm-none-eabi/lib/thumb/v7-m/nofp/libc.a(libc_a-strncpy.o)
 .debug_abbrev  0x0000131b       0xb7 /usr/lib/gcc/arm-none-eabi/13.2.1/../../../arm-none-eabi/lib/thumb/v7-m/nofp/libc.a(libc_a-memset.o)
 .debug_abbrev  0x000013d2       0x28 /usr/lib/gcc/arm-none-eabi/13.2.1/../../../arm-none-eabi/lib/thumb/v7-m/nofp/libc.a(libc_a-strcmp.o)
 .debug_abbrev  0x000013fa      0x278 /usr/lib/gcc/arm-none-eabi/13.2.1/../../../arm-none-eabi/lib/thumb/v7-m/nofp/libc.a(libc_a-snprintf.o)
 .debug_abbrev  0x00001672       0x78 /usr/lib/gcc/arm-none-eabi/13.2.1/../../../arm-none-eabi/lib/thumb/v7-m/nofp/libc.a(libc_a-strlen-stub.o)
 .debug_abbrev  0x000016ea      0x402 /usr/lib/gcc/arm-none-eabi/13.2.1/../../../arm-none-eabi/lib/thumb/v7-m/nofp/libc.a(libc_a-svfprintf.o)
 .debug_abbrev  0x00001aec      0x185 /usr/lib/gcc/arm-none-eabi/13.2.1/../../../arm-none-eabi/lib/thumb/v7-m/nofp/libc.a(libc_a-impure.o)
 .debug_abbrev  0x00001c71      0x2d7 /usr/lib/gcc/arm-none-eabi/13.2.1/../../../arm-none-eabi/lib/thumb/v7-m/nofp/libc.a(libc_a-mallocr.o)
 .debug_abbrev  0x00001f48      0x364 /usr/lib/gcc/arm-none-eabi/13.2.1/../../../arm-none-eabi/lib/thumb/v7-m/nofp/libc.a(libc_a-dtoa.o)
 .debug_abbrev  0x000022ac      0x27f /usr/lib/gcc/arm-none-eabi/13.2.1/../../../arm-none-eabi/lib/thumb/v7-m/nofp/libc.a(libc_a-freer.o)
 .debug_abbrev  0x0000252b       0x28 /usr/lib/gcc/arm-none-eabi/13.2.1/../../../arm-none-eabi/lib/thumb/v7-m/nofp/libc.a(libc_a-memcpy.o)
 .debug_abbrev  0x00002553       0x80 /usr/lib/gcc/arm-none-eabi/13.2.1/../../../arm-none-eabi/lib/thumb/v7-m/nofp/libc.a(libc_a-sysconf.o)
 .debug_abbrev  0x000025d3      0x1ce /usr/lib/gcc/arm-none-eabi/13.2.1/../../../arm-none-eabi/lib/thumb/v7-m/nofp/libc.a(libc_a-mlock.o)
 .debug_abbrev  0x000027a1      0x446 /usr/lib/gcc/arm-none-eabi/13.2.1/../../../arm-none-eabi/lib/thumb/v7-m/nofp/libc.a(libc_a-findfp.o)
 .debug_abbrev  0x00002be7      0x1e0 /usr/lib/gcc/arm-none-eabi/13.2.1/../../../arm-none-eabi/lib/thumb/v7-m/nofp/libc.a(libc_a-ssprint_r.o)
 .debug_abbrev  0x00002dc7      0x216 /usr/lib/gcc/arm-none-eabi/13.2.1/../../../arm-none-eabi/lib/thumb/v7-m/nofp/libc.a(libc_a-sbrkr.o)
 .debug_abbrev  0x00002fdd      0x226 /usr/lib/gcc/arm-none-eabi/13.2.1/../../../arm-none-eabi/lib/thumb/v7-m/nofp/libc.a(libc_a-assert.o)
 .debug_abbrev  0x00003203      0x502 /usr/lib/gcc/arm-none-eabi/13.2.1/../../../arm-none-eabi/lib/thumb/v7-m/nofp/libc.a(libc_a-mprec.o)
 .debug_abbrev  0x00003705       0xc7 /usr/lib/gcc/arm-none-eabi/13.2.1/../../../arm-none-eabi/lib/thumb/v7-m/nofp/libc.a(libc_a-memchr-stub.o)
 .debug_abbrev  0x000037cc      0x1d9 /usr/lib/gcc/arm-none-eabi/13.2.1/../../../arm-none-eabi/lib/thumb/v7-m/nofp/libc.a(libc_a-fwalk.o)
 .debug_abbrev  0x000039a5      0x26a /usr/lib/gcc/arm-none-eabi/13.2.1/../../../arm-none-eabi/lib/thumb/v7-m/nofp/libc.a(libc_a-localeconv.o)
 .debug_abbrev  0x00003c0f      0x2d9 /usr/lib/gcc/arm-none-eabi/13.2.1/../../../arm-none-eabi/lib/thumb/v7-m/nofp/libc.a(libc_a-locale.o)
 .debug_abbrev  0x00003ee8      0x244 /usr/lib/gcc/arm-none-eabi/13.2.1/../../../arm-none-eabi/lib/thumb/v7-m/nofp/libc.a(libc_a-mbtowc_r.o)
 .debug_abbrev  0x0000412c      0x19a /usr/lib/gcc/arm-none-eabi/13.2.1/../../../arm-none-eabi/lib/thumb/v7-m/nofp/libc.a(libc_a-errno.o)
 .debug_abbrev  0x000042c6       0x99 /usr/lib/gcc/arm-none-eabi/13.2.1/../../../arm-none-eabi/lib/thumb/v7-m/nofp/libc.a(libc_a-abort.o)
 .debug_abbrev  0x0000435f      0x25b /usr/lib/gcc/arm-none-eabi/13.2.1/../../../arm-none-eabi/lib/thumb/v7-m/nofp/libc.a(libc_a-callocr.o)
 .debug_abbrev  0x000045ba      0x25a /usr/lib/gcc/arm-none-eabi/13.2.1/../../../arm-none-eabi/lib/thumb/v7-m/nofp/libc.a(libc_a-ssputs_r.o)
 .debug_abbrev  0x00004814      0x252 /usr/lib/gcc/arm-none-eabi/13.2.1/../../../arm-none-eabi/lib/thumb/v7-m/nofp/libc.a(libc_a-fiprintf.o)
 .debug_abbrev  0x00004a66      0x2ed /usr/lib/gcc/arm-none-eabi/13.2.1/../../../arm-none-eabi/lib/thumb/v7-m/nofp/libc.a(libc_a-fclose.o)
 .debug_abbrev  0x00004d53      0x23d /usr/lib/gcc/arm-none-eabi/13.2.1/../../../arm-none-eabi/lib/thumb/v7-m/nofp/libc.a(libc_a-wctomb_r.o)
 .debug_abbrev  0x00004f90      0x260 /usr/lib/gcc/arm-none-eabi/13.2.1/../../../arm-none-eabi/lib/thumb/v7-m/nofp/libc.a(libc_a-stdio.o)
 .debug_abbrev  0x000051f0      0x22a /usr/lib/gcc/arm-none-eabi/13.2.1/../../../arm-none-eabi/lib/thumb/v7-m/nofp/libc.a(libc_a-reent.o)
 .debug_abbrev  0x0000541a      0x2a3 /usr/lib/gcc/arm-none-eabi/13.2.1/../../../arm-none-eabi/lib/thumb/v7-m/nofp/libc.a(libc_a-reallocr.o)
 .debug_abbrev  0x000056bd      0x1f1 /usr/lib/gcc/arm-none-eabi/13.2.1/../../../arm-none-eabi/lib/thumb/v7-m/nofp/libc.a(libc_a-writer.o)
 .debug_abbrev  0x000058ae       0x62 /usr/lib/gcc/arm-none-eabi/13.2.1/../../../arm-none-eabi/lib/thumb/v7-m/nofp/libc.a(libc_a-ctype_.o)
 .debug_abbrev  0x00005910      0x1ec /usr/lib/gcc/arm-none-eabi/13.2.1/../../../arm-none-eabi/lib/thumb/v7-m/nofp/libc.a(libc_a-closer.o)
 .debug_abbrev  0x00005afc      0x313 /usr/lib/gcc/arm-none-eabi/13.2.1/../../../arm-none-eabi/lib/thumb/v7-m/nofp/libc.a(libc_a-signal.o)
 .debug_abbrev  0x00005e0f      0x239 /usr/lib/gcc/arm-none-eabi/13.2.1/../../../arm-none-eabi/lib/thumb/v7-m/nofp/libc.a(libc_a-signalr.o)
 .debug_abbrev  0x00006048      0x31f /usr/lib/gcc/arm-none-eabi/13.2.1/../../../arm-none-eabi/lib/thumb/v7-m/nofp/libc.a(libc_a-fflush.o)
 .debug_abbrev  0x00006367       0xc3 /usr/lib/gcc/arm-none-eabi/13.2.1/../../../arm-none-eabi/lib/thumb/v7-m/nofp/libc.a(libc_a-memmove.o)
 .debug_abbrev  0x0000642a      0x3e6 /usr/lib/gcc/arm-none-eabi/13.2.1/../../../arm-none-eabi/lib/thumb/v7-m/nofp/libc.a(libc_a-vfiprintf.o)
 .debug_abbrev  0x00006810      0x1ec /usr/lib/gcc/arm-none-eabi/13.2.1/../../../arm-none-eabi/lib/thumb/v7-m/nofp/libc.a(libc_a-readr.o)
 .debug_abbrev  0x000069fc      0x21e /usr/lib/gcc/arm-none-eabi/13.2.1/../../../arm-none-eabi/lib/thumb/v7-m/nofp/libc.a(libc_a-wsetup.o)
 .debug_abbrev  0x00006c1a      0x200 /usr/lib/gcc/arm-none-eabi/13.2.1/../../../arm-none-eabi/lib/thumb/v7-m/nofp/libc.a(libc_a-lseekr.o)
 .debug_abbrev  0x00006e1a      0x1d4 /usr/lib/gcc/arm-none-eabi/13.2.1/../../../arm-none-eabi/lib/thumb/v7-m/nofp/libc.a(libc_a-sprint_r.o)
 .debug_abbrev  0x00006fee      0x2c1 /usr/lib/gcc/arm-none-eabi/13.2.1/../../../arm-none-eabi/lib/thumb/v7-m/nofp/libc.a(libc_a-makebuf.o)
 .debug_abbrev  0x000072af      0x1ff /usr/lib/gcc/arm-none-eabi/13.2.1/../../../arm-none-eabi/lib/thumb/v7-m/nofp/libc.a(libc_a-fstatr.o)
 .debug_abbrev  0x000074ae      0x1ec /usr/lib/gcc/arm-none-eabi/13.2.1/../../../arm-none-eabi/lib/thumb/v7-m/nofp/libc.a(libc_a-isattyr.o)
 .debug_abbrev  0x0000769a      0x260 /usr/lib/gcc/arm-none-eabi/13.2.1/../../../arm-none-eabi/lib/thumb/v7-m/nofp/libc.a(libc_a-fvwrite.o)
 .debug_abbrev  0x000078fa       0x28 /usr/lib/gcc/arm-none-eabi/13.2.1/thumb/v7-m/nofp/libgcc.a(_arm_addsubdf3.o)
 .debug_abbrev  0x00007922       0x28 /usr/lib/gcc/arm-none-eabi/13.2.1/thumb/v7-m/nofp/libgcc.a(_arm_muldivdf3.o)
 .debug_abbrev  0x0000794a       0x28 /usr/lib/gcc/arm-none-eabi/13.2.1/thumb/v7-m/nofp/libgcc.a(_arm_cmpdf2.o)
 .debug_abbrev  0x00007972       0x28 /usr/lib/gcc/arm-none-eabi/13.2.1/thumb/v7-m/nofp/libgcc.a(_arm_unorddf2.o)
 .debug_abbrev  0x0000799a       0x28 /usr/lib/gcc/arm-none-eabi/13.2.1/thumb/v7-m/nofp/libgcc.a(_arm_fixdfsi.o)
 .debug_abbrev  0x000079c2       0x96 /usr/lib/gcc/arm-none-eabi/13.2.1/../../../arm-none-eabi/lib/thumb/v7-m/nofp/libnosys.a(close.o)
 .debug_abbrev  0x00007a58       0xe4 /usr/lib/gcc/arm-none-eabi/13.2.1/../../../arm-none-eabi/lib/thumb/v7-m/nofp/libnosys.a(fstat.o)
 .debug_abbrev  0x00007b3c       0x82 /usr/lib/gcc/arm-none-eabi/13.2.1/../../../arm-none-eabi/lib/thumb/v7-m/nofp/libnosys.a(getpid.o)
 .debug_abbrev  0x00007bbe       0x96 /usr/lib/gcc/arm-none-eabi/13.2.1/../../../arm-none-eabi/lib/thumb/v7-m/nofp/libnosys.a(isatty.o)
 .debug_abbrev  0x00007c54       0xa7 /usr/lib/gcc/arm-none-eabi/13.2.1/../../../arm-none-eabi/lib/thumb/v7-m/nofp/libnosys.a(kill.o)
 .debug_abbrev  0x00007cfb       0xbb /usr/lib/gcc/arm-none-eabi/13.2.1/../../../arm-none-eabi/lib/thumb/v7-m/nofp/libnosys.a(lseek.o)
 .debug_abbrev  0x00007db6       0xc4 /usr/lib/gcc/arm-none-eabi/13.2.1/../../../arm-none-eabi/lib/thumb/v7-m/nofp/libnosys.a(read.o)
 .debug_abbrev  0x00007e7a       0xa1 /usr/lib/gcc/arm-none-eabi/13.2.1/../../../arm-none-eabi/lib/thumb/v7-m/nofp/libnosys.a(sbrk.o)
 .debug_abbrev  0x00007f1b       0xc4 /usr/lib/gcc/arm-none-eabi/13.2.1/../../../arm-none-eabi/lib/thumb/v7-m/nofp/libnosys.a(write.o)
 .debug_abbrev  0x00007fdf       0x69 /usr/lib/gcc/arm-none-eabi/13.2.1/../../../arm-none-eabi/lib/thumb/v7-m/nofp/libnosys.a(_exit.o)

.debug_aranges  0x00000000     0x1088
 .debug_aranges
                0x00000000       0x20 bin/main.o
 .debug_aranges
                0x00000020       0x98 ../../libopencm3/lib/libopencm3_stm32f1.a(adc.o)
 .debug_aranges
                0x000000b8      0x158 ../../libopencm3/lib/libopencm3_stm32f1.a(adc_common_v1.o)
 .debug_aranges
                0x00000210       0x38 ../../libopencm3/lib/libopencm3_stm32f1.a(gpio.o)
 .debug_aranges
                0x00000248       0x50 ../../libopencm3/lib/libopencm3_stm32f1.a(gpio_common_all.o)
 .debug_aranges
                0x00000298      0x170 ../../libopencm3/lib/libopencm3_stm32f1.a(rcc.o)
 .debug_aranges
                0x00000408       0x80 ../../libopencm3/lib/libopencm3_stm32f1.a(rcc_common_all.o)
 .debug_aranges
                0x00000488      0x278 ../../libopencm3/lib/libopencm3_stm32f1.a(timer_common_all.o)
 .debug_aranges
                0x00000700       0xf0 ../../libopencm3/lib/libopencm3_stm32f1.a(usart_common_all.o)
 .debug_aranges
                0x000007f0       0x40 ../../libopencm3/lib/libopencm3_stm32f1.a(usart_common_f124.o)
 .debug_aranges
                0x00000830       0x30 ../../libopencm3/lib/libopencm3_stm32f1.a(vector.o)
 .debug_aranges
                0x00000860       0x38 ../../libopencm3/lib/libopencm3_stm32f1.a(flash_common_all.o)
 .debug_aranges
                0x00000898       0x20 /usr/lib/gcc/arm-none-eabi/13.2.1/../../../arm-none-eabi/lib/thumb/v7-m/nofp/libc.a(libc_a-strncpy.o)
 .debug_aranges
                0x000008b8       0x20 /usr/lib/gcc/arm-none-eabi/13.2.1/../../../arm-none-eabi/lib/thumb/v7-m/nofp/libc.a(libc_a-memset.o)
 .debug_aranges
                0x000008d8       0x20 /usr/lib/gcc/arm-none-eabi/13.2.1/../../../arm-none-eabi/lib/thumb/v7-m/nofp/libc.a(libc_a-strcmp.o)
 .debug_aranges
                0x000008f8       0x20 /usr/lib/gcc/arm-none-eabi/13.2.1/../../../arm-none-eabi/lib/thumb/v7-m/nofp/libc.a(libc_a-snprintf.o)
 .debug_aranges
                0x00000918       0x20 /usr/lib/gcc/arm-none-eabi/13.2.1/../../../arm-none-eabi/lib/thumb/v7-m/nofp/libc.a(libc_a-strlen-stub.o)
 .debug_aranges
                0x00000938       0x20 /usr/lib/gcc/arm-none-eabi/13.2.1/../../../arm-none-eabi/lib/thumb/v7-m/nofp/libc.a(libc_a-svfprintf.o)
 .debug_aranges
                0x00000958       0x18 /usr/lib/gcc/arm-none-eabi/13.2.1/../../../arm-none-eabi/lib/thumb/v7-m/nofp/libc.a(libc_a-impure.o)
 .debug_aranges
                0x00000970       0x20 /usr/lib/gcc/arm-none-eabi/13.2.1/../../../arm-none-eabi/lib/thumb/v7-m/nofp/libc.a(libc_a-mallocr.o)
 .debug_aranges
                0x00000990       0x20 /usr/lib/gcc/arm-none-eabi/13.2.1/../../../arm-none-eabi/lib/thumb/v7-m/nofp/libc.a(libc_a-dtoa.o)
 .debug_aranges
                0x000009b0       0x20 /usr/lib/gcc/arm-none-eabi/13.2.1/../../../arm-none-eabi/lib/thumb/v7-m/nofp/libc.a(libc_a-freer.o)
 .debug_aranges
                0x000009d0       0x20 /usr/lib/gcc/arm-none-eabi/13.2.1/../../../arm-none-eabi/lib/thumb/v7-m/nofp/libc.a(libc_a-memcpy.o)
 .debug_aranges
                0x000009f0       0x20 /usr/lib/gcc/arm-none-eabi/13.2.1/../../../arm-none-eabi/lib/thumb/v7-m/nofp/libc.a(libc_a-sysconf.o)
 .debug_aranges
                0x00000a10       0x20 /usr/lib/gcc/arm-none-eabi/13.2.1/../../../arm-none-eabi/lib/thumb/v7-m/nofp/libc.a(libc_a-mlock.o)
 .debug_aranges
                0x00000a30       0x20 /usr/lib/gcc/arm-none-eabi/13.2.1/../../../arm-none-eabi/lib/thumb/v7-m/nofp/libc.a(libc_a-findfp.o)
 .debug_aranges
                0x00000a50       0x20 /usr/lib/gcc/arm-none-eabi/13.2.1/../../../arm-none-eabi/lib/thumb/v7-m/nofp/libc.a(libc_a-ssprint_r.o)
 .debug_aranges
                0x00000a70       0x20 /usr/lib/gcc/arm-none-eabi/13.2.1/../../../arm-none-eabi/lib/thumb/v7-m/nofp/libc.a(libc_a-sbrkr.o)
 .debug_aranges
                0x00000a90       0x20 /usr/lib/gcc/arm-none-eabi/13.2.1/../../../arm-none-eabi/lib/thumb/v7-m/nofp/libc.a(libc_a-assert.o)
 .debug_aranges
                0x00000ab0       0x20 /usr/lib/gcc/arm-none-eabi/13.2.1/../../../arm-none-eabi/lib/thumb/v7-m/nofp/libc.a(libc_a-mprec.o)
 .debug_aranges
                0x00000ad0       0x20 /usr/lib/gcc/arm-none-eabi/13.2.1/../../../arm-none-eabi/lib/thumb/v7-m/nofp/libc.a(libc_a-memchr-stub.o)
 .debug_aranges
                0x00000af0       0x20 /usr/lib/gcc/arm-none-eabi/13.2.1/../../../arm-none-eabi/lib/thumb/v7-m/nofp/libc.a(libc_a-fwalk.o)
 .debug_aranges
                0x00000b10       0x20 /usr/lib/gcc/arm-none-eabi/13.2.1/../../../arm-none-eabi/lib/thumb/v7-m/nofp/libc.a(libc_a-localeconv.o)
 .debug_aranges
                0x00000b30       0x20 /usr/lib/gcc/arm-none-eabi/13.2.1/../../../arm-none-eabi/lib/thumb/v7-m/nofp/libc.a(libc_a-locale.o)
 .debug_aranges
                0x00000b50       0x20 /usr/lib/gcc/arm-none-eabi/13.2.1/../../../arm-none-eabi/lib/thumb/v7-m/nofp/libc.a(libc_a-mbtowc_r.o)
 .debug_aranges
                0x00000b70       0x20 /usr/lib/gcc/arm-none-eabi/13.2.1/../../../arm-none-eabi/lib/thumb/v7-m/nofp/libc.a(libc_a-errno.o)
 .debug_aranges
                0x00000b90       0x20 /usr/lib/gcc/arm-none-eabi/13.2.1/../../../arm-none-eabi/lib/thumb/v7-m/nofp/libc.a(libc_a-abort.o)
 .debug_aranges
                0x00000bb0       0x20 /usr/lib/gcc/arm-none-eabi/13.2.1/../../../arm-none-eabi/lib/thumb/v7-m/nofp/libc.a(libc_a-callocr.o)
 .debug_aranges
                0x00000bd0       0x20 /usr/lib/gcc/arm-none-eabi/13.2.1/../../../arm-none-eabi/lib/thumb/v7-m/nofp/libc.a(libc_a-ssputs_r.o)
 .debug_aranges
                0x00000bf0       0x20 /usr/lib/gcc/arm-none-eabi/13.2.1/../../../arm-none-eabi/lib/thumb/v7-m/nofp/libc.a(libc_a-fiprintf.o)
 .debug_aranges
                0x00000c10       0x20 /usr/lib/gcc/arm-none-eabi/13.2.1/../../../arm-none-eabi/lib/thumb/v7-m/nofp/libc.a(libc_a-fclose.o)
 .debug_aranges
                0x00000c30       0x20 /usr/lib/gcc/arm-none-eabi/13.2.1/../../../arm-none-eabi/lib/thumb/v7-m/nofp/libc.a(libc_a-wctomb_r.o)
 .debug_aranges
                0x00000c50       0x20 /usr/lib/gcc/arm-none-eabi/13.2.1/../../../arm-none-eabi/lib/thumb/v7-m/nofp/libc.a(libc_a-stdio.o)
 .debug_aranges
                0x00000c70       0x20 /usr/lib/gcc/arm-none-eabi/13.2.1/../../../arm-none-eabi/lib/thumb/v7-m/nofp/libc.a(libc_a-reent.o)
 .debug_aranges
                0x00000c90       0x20 /usr/lib/gcc/arm-none-eabi/13.2.1/../../../arm-none-eabi/lib/thumb/v7-m/nofp/libc.a(libc_a-reallocr.o)
 .debug_aranges
                0x00000cb0       0x20 /usr/lib/gcc/arm-none-eabi/13.2.1/../../../arm-none-eabi/lib/thumb/v7-m/nofp/libc.a(libc_a-writer.o)
 .debug_aranges
                0x00000cd0       0x18 /usr/lib/gcc/arm-none-eabi/13.2.1/../../../arm-none-eabi/lib/thumb/v7-m/nofp/libc.a(libc_a-ctype_.o)
 .debug_aranges
                0x00000ce8       0x20 /usr/lib/gcc/arm-none-eabi/13.2.1/../../../arm-none-eabi/lib/thumb/v7-m/nofp/libc.a(libc_a-closer.o)
 .debug_aranges
                0x00000d08       0x20 /usr/lib/gcc/arm-none-eabi/13.2.1/../../../arm-none-eabi/lib/thumb/v7-m/nofp/libc.a(libc_a-signal.o)
 .debug_aranges
                0x00000d28       0x20 /usr/lib/gcc/arm-none-eabi/13.2.1/../../../arm-none-eabi/lib/thumb/v7-m/nofp/libc.a(libc_a-signalr.o)
 .debug_aranges
                0x00000d48       0x20 /usr/lib/gcc/arm-none-eabi/13.2.1/../../../arm-none-eabi/lib/thumb/v7-m/nofp/libc.a(libc_a-fflush.o)
 .debug_aranges
                0x00000d68       0x20 /usr/lib/gcc/arm-none-eabi/13.2.1/../../../arm-none-eabi/lib/thumb/v7-m/nofp/libc.a(libc_a-memmove.o)
 .debug_aranges
                0x00000d88       0x20 /usr/lib/gcc/arm-none-eabi/13.2.1/../../../arm-none-eabi/lib/thumb/v7-m/nofp/libc.a(libc_a-vfiprintf.o)
 .debug_aranges
                0x00000da8       0x20 /usr/lib/gcc/arm-none-eabi/13.2.1/../../../arm-none-eabi/lib/thumb/v7-m/nofp/libc.a(libc_a-readr.o)
 .debug_aranges
                0x00000dc8       0x20 /usr/lib/gcc/arm-none-eabi/13.2.1/../../../arm-none-eabi/lib/thumb/v7-m/nofp/libc.a(libc_a-wsetup.o)
 .debug_aranges
                0x00000de8       0x20 /usr/lib/gcc/arm-none-eabi/13.2.1/../../../arm-none-eabi/lib/thumb/v7-m/nofp/libc.a(libc_a-lseekr.o)
 .debug_aranges
                0x00000e08       0x20 /usr/lib/gcc/arm-none-eabi/13.2.1/../../../arm-none-eabi/lib/thumb/v7-m/nofp/libc.a(libc_a-sprint_r.o)
 .debug_aranges
                0x00000e28       0x20 /usr/lib/gcc/arm-none-eabi/13.2.1/../../../arm-none-eabi/lib/thumb/v7-m/nofp/libc.a(libc_a-makebuf.o)
 .debug_aranges
                0x00000e48       0x20 /usr/lib/gcc/arm-none-eabi/13.2.1/../../../arm-none-eabi/lib/thumb/v7-m/nofp/libc.a(libc_a-fstatr.o)
 .debug_aranges
                0x00000e68       0x20 /usr/lib/gcc/arm-none-eabi/13.2.1/../../../arm-none-eabi/lib/thumb/v7-m/nofp/libc.a(libc_a-isattyr.o)
 .debug_aranges
                0x00000e88       0x20 /usr/lib/gcc/arm-none-eabi/13.2.1/../../../arm-none-eabi/lib/thumb/v7-m/nofp/libc.a(libc_a-fvwrite.o)
 .debug_aranges
                0x00000ea8       0x20 /usr/lib/gcc/arm-none-eabi/13.2.1/thumb/v7-m/nofp/libgcc.a(_arm_addsubdf3.o)
 .debug_aranges
                0x00000ec8       0x20 /usr/lib/gcc/arm-none-eabi/13.2.1/thumb/v7-m/nofp/libgcc.a(_arm_muldivdf3.o)
 .debug_aranges
                0x00000ee8       0x20 /usr/lib/gcc/arm-none-eabi/13.2.1/thumb/v7-m/nofp/libgcc.a(_arm_cmpdf2.o)
 .debug_aranges
                0x00000f08       0x20 /usr/lib/gcc/arm-none-eabi/13.2.1/thumb/v7-m/nofp/libgcc.a(_arm_unorddf2.o)
 .debug_aranges
                0x00000f28       0x20 /usr/lib/gcc/arm-none-eabi/13.2.1/thumb/v7-m/nofp/libgcc.a(_arm_fixdfsi.o)
 .debug_aranges
                0x00000f48       0x20 /usr/lib/gcc/arm-none-eabi/13.2.1/../../../arm-none-eabi/lib/thumb/v7-m/nofp/libnosys.a(close.o)
 .debug_aranges
                0x00000f68       0x20 /usr/lib/gcc/arm-none-eabi/13.2.1/../../../arm-none-eabi/lib/thumb/v7-m/nofp/libnosys.a(fstat.o)
 .debug_aranges
                0x00000f88       0x20 /usr/lib/gcc/arm-none-eabi/13.2.1/../../../arm-none-eabi/lib/thumb/v7-m/nofp/libnosys.a(getpid.o)
 .debug_aranges
                0x00000fa8       0x20 /usr/lib/gcc/arm-none-eabi/13.2.1/../../../arm-none-eabi/lib/thumb/v7-m/nofp/libnosys.a(isatty.o)
 .debug_aranges
                0x00000fc8       0x20 /usr/lib/gcc/arm-none-eabi/13.2.1/../../../arm-none-eabi/lib/thumb/v7-m/nofp/libnosys.a(kill.o)
 .debug_aranges
                0x00000fe8       0x20 /usr/lib/gcc/arm-none-eabi/13.2.1/../../../arm-none-eabi/lib/thumb/v7-m/nofp/libnosys.a(lseek.o)
 .debug_aranges
                0x00001008       0x20 /usr/lib/gcc/arm-none-eabi/13.2.1/../../../arm-none-eabi/lib/thumb/v7-m/nofp/libnosys.a(read.o)
 .debug_aranges
                0x00001028       0x20 /usr/lib/gcc/arm-none-eabi/13.2.1/../../../arm-none-eabi/lib/thumb/v7-m/nofp/libnosys.a(sbrk.o)
 .debug_aranges
                0x00001048       0x20 /usr/lib/gcc/arm-none-eabi/13.2.1/../../../arm-none-eabi/lib/thumb/v7-m/nofp/libnosys.a(write.o)
 .debug_aranges
                0x00001068       0x20 /usr/lib/gcc/arm-none-eabi/13.2.1/../../../arm-none-eabi/lib/thumb/v7-m/nofp/libnosys.a(_exit.o)

.debug_rnglists
                0x00000000      0xb9c
 .debug_rnglists
                0x00000000       0x38 bin/main.o
 .debug_rnglists
                0x00000038       0x6d ../../libopencm3/lib/libopencm3_stm32f1.a(adc.o)
 .debug_rnglists
                0x000000a5       0xfd ../../libopencm3/lib/libopencm3_stm32f1.a(adc_common_v1.o)
 .debug_rnglists
                0x000001a2       0x25 ../../libopencm3/lib/libopencm3_stm32f1.a(gpio.o)
 .debug_rnglists
                0x000001c7       0x37 ../../libopencm3/lib/libopencm3_stm32f1.a(gpio_common_all.o)
 .debug_rnglists
                0x000001fe      0x160 ../../libopencm3/lib/libopencm3_stm32f1.a(rcc.o)
 .debug_rnglists
                0x0000035e       0x5b ../../libopencm3/lib/libopencm3_stm32f1.a(rcc_common_all.o)
 .debug_rnglists
                0x000003b9      0x1d6 ../../libopencm3/lib/libopencm3_stm32f1.a(timer_common_all.o)
 .debug_rnglists
                0x0000058f       0xaf ../../libopencm3/lib/libopencm3_stm32f1.a(usart_common_all.o)
 .debug_rnglists
                0x0000063e       0x2b ../../libopencm3/lib/libopencm3_stm32f1.a(usart_common_f124.o)
 .debug_rnglists
                0x00000669       0x20 ../../libopencm3/lib/libopencm3_stm32f1.a(vector.o)
 .debug_rnglists
                0x00000689       0x25 ../../libopencm3/lib/libopencm3_stm32f1.a(flash_common_all.o)
 .debug_rnglists
                0x000006ae       0x13 /usr/lib/gcc/arm-none-eabi/13.2.1/../../../arm-none-eabi/lib/thumb/v7-m/nofp/libc.a(libc_a-strlen-stub.o)
 .debug_rnglists
                0x000006c1       0xdf /usr/lib/gcc/arm-none-eabi/13.2.1/../../../arm-none-eabi/lib/thumb/v7-m/nofp/libc.a(libc_a-svfprintf.o)
 .debug_rnglists
                0x000007a0       0x2b /usr/lib/gcc/arm-none-eabi/13.2.1/../../../arm-none-eabi/lib/thumb/v7-m/nofp/libc.a(libc_a-mallocr.o)
 .debug_rnglists
                0x000007cb       0x2c /usr/lib/gcc/arm-none-eabi/13.2.1/../../../arm-none-eabi/lib/thumb/v7-m/nofp/libc.a(libc_a-dtoa.o)
 .debug_rnglists
                0x000007f7       0x7a /usr/lib/gcc/arm-none-eabi/13.2.1/../../../arm-none-eabi/lib/thumb/v7-m/nofp/libc.a(libc_a-findfp.o)
 .debug_rnglists
                0x00000871       0xad /usr/lib/gcc/arm-none-eabi/13.2.1/../../../arm-none-eabi/lib/thumb/v7-m/nofp/libc.a(libc_a-mprec.o)
 .debug_rnglists
                0x0000091e       0x19 /usr/lib/gcc/arm-none-eabi/13.2.1/../../../arm-none-eabi/lib/thumb/v7-m/nofp/libc.a(libc_a-locale.o)
 .debug_rnglists
                0x00000937       0x29 /usr/lib/gcc/arm-none-eabi/13.2.1/../../../arm-none-eabi/lib/thumb/v7-m/nofp/libc.a(libc_a-callocr.o)
 .debug_rnglists
                0x00000960       0x1e /usr/lib/gcc/arm-none-eabi/13.2.1/../../../arm-none-eabi/lib/thumb/v7-m/nofp/libc.a(libc_a-ssputs_r.o)
 .debug_rnglists
                0x0000097e       0x1b /usr/lib/gcc/arm-none-eabi/13.2.1/../../../arm-none-eabi/lib/thumb/v7-m/nofp/libc.a(libc_a-fclose.o)
 .debug_rnglists
                0x00000999       0xa3 /usr/lib/gcc/arm-none-eabi/13.2.1/../../../arm-none-eabi/lib/thumb/v7-m/nofp/libc.a(libc_a-reallocr.o)
 .debug_rnglists
                0x00000a3c       0x65 /usr/lib/gcc/arm-none-eabi/13.2.1/../../../arm-none-eabi/lib/thumb/v7-m/nofp/libc.a(libc_a-signal.o)
 .debug_rnglists
                0x00000aa1       0x59 /usr/lib/gcc/arm-none-eabi/13.2.1/../../../arm-none-eabi/lib/thumb/v7-m/nofp/libc.a(libc_a-fflush.o)
 .debug_rnglists
                0x00000afa       0x23 /usr/lib/gcc/arm-none-eabi/13.2.1/../../../arm-none-eabi/lib/thumb/v7-m/nofp/libc.a(libc_a-vfiprintf.o)
 .debug_rnglists
                0x00000b1d       0x1e /usr/lib/gcc/arm-none-eabi/13.2.1/../../../arm-none-eabi/lib/thumb/v7-m/nofp/libc.a(libc_a-wsetup.o)
 .debug_rnglists
                0x00000b3b       0x31 /usr/lib/gcc/arm-none-eabi/13.2.1/../../../arm-none-eabi/lib/thumb/v7-m/nofp/libc.a(libc_a-makebuf.o)
 .debug_rnglists
                0x00000b6c       0x30 /usr/lib/gcc/arm-none-eabi/13.2.1/../../../arm-none-eabi/lib/thumb/v7-m/nofp/libc.a(libc_a-fvwrite.o)

.debug_line     0x00000000    0x10ed4
 .debug_line    0x00000000      0x938 bin/main.o
 .debug_line    0x00000938      0x463 ../../libopencm3/lib/libopencm3_stm32f1.a(adc.o)
 .debug_line    0x00000d9b      0x76e ../../libopencm3/lib/libopencm3_stm32f1.a(adc_common_v1.o)
 .debug_line    0x00001509      0x293 ../../libopencm3/lib/libopencm3_stm32f1.a(gpio.o)
 .debug_line    0x0000179c      0x27b ../../libopencm3/lib/libopencm3_stm32f1.a(gpio_common_all.o)
 .debug_line    0x00001a17      0xc28 ../../libopencm3/lib/libopencm3_stm32f1.a(rcc.o)
 .debug_line    0x0000263f      0x322 ../../libopencm3/lib/libopencm3_stm32f1.a(rcc_common_all.o)
 .debug_line    0x00002961      0xf61 ../../libopencm3/lib/libopencm3_stm32f1.a(timer_common_all.o)
 .debug_line    0x000038c2      0x545 ../../libopencm3/lib/libopencm3_stm32f1.a(usart_common_all.o)
 .debug_line    0x00003e07      0x262 ../../libopencm3/lib/libopencm3_stm32f1.a(usart_common_f124.o)
 .debug_line    0x00004069      0x2ad ../../libopencm3/lib/libopencm3_stm32f1.a(vector.o)
 .debug_line    0x00004316      0x22c ../../libopencm3/lib/libopencm3_stm32f1.a(flash_common_all.o)
 .debug_line    0x00004542      0x184 /usr/lib/gcc/arm-none-eabi/13.2.1/../../../arm-none-eabi/lib/thumb/v7-m/nofp/libc.a(libc_a-strncpy.o)
 .debug_line    0x000046c6      0x1b1 /usr/lib/gcc/arm-none-eabi/13.2.1/../../../arm-none-eabi/lib/thumb/v7-m/nofp/libc.a(libc_a-memset.o)
 .debug_line    0x00004877       0xdd /usr/lib/gcc/arm-none-eabi/13.2.1/../../../arm-none-eabi/lib/thumb/v7-m/nofp/libc.a(libc_a-strcmp.o)
 .debug_line    0x00004954      0x356 /usr/lib/gcc/arm-none-eabi/13.2.1/../../../arm-none-eabi/lib/thumb/v7-m/nofp/libc.a(libc_a-snprintf.o)
 .debug_line    0x00004caa       0xf4 /usr/lib/gcc/arm-none-eabi/13.2.1/../../../arm-none-eabi/lib/thumb/v7-m/nofp/libc.a(libc_a-strlen-stub.o)
 .debug_line    0x00004d9e     0x19d1 /usr/lib/gcc/arm-none-eabi/13.2.1/../../../arm-none-eabi/lib/thumb/v7-m/nofp/libc.a(libc_a-svfprintf.o)
 .debug_line    0x0000676f       0xe7 /usr/lib/gcc/arm-none-eabi/13.2.1/../../../arm-none-eabi/lib/thumb/v7-m/nofp/libc.a(libc_a-impure.o)
 .debug_line    0x00006856      0x8eb /usr/lib/gcc/arm-none-eabi/13.2.1/../../../arm-none-eabi/lib/thumb/v7-m/nofp/libc.a(libc_a-mallocr.o)
 .debug_line    0x00007141     0x1450 /usr/lib/gcc/arm-none-eabi/13.2.1/../../../arm-none-eabi/lib/thumb/v7-m/nofp/libc.a(libc_a-dtoa.o)
 .debug_line    0x00008591      0x545 /usr/lib/gcc/arm-none-eabi/13.2.1/../../../arm-none-eabi/lib/thumb/v7-m/nofp/libc.a(libc_a-freer.o)
 .debug_line    0x00008ad6       0xbd /usr/lib/gcc/arm-none-eabi/13.2.1/../../../arm-none-eabi/lib/thumb/v7-m/nofp/libc.a(libc_a-memcpy.o)
 .debug_line    0x00008b93       0xf0 /usr/lib/gcc/arm-none-eabi/13.2.1/../../../arm-none-eabi/lib/thumb/v7-m/nofp/libc.a(libc_a-sysconf.o)
 .debug_line    0x00008c83      0x153 /usr/lib/gcc/arm-none-eabi/13.2.1/../../../arm-none-eabi/lib/thumb/v7-m/nofp/libc.a(libc_a-mlock.o)
 .debug_line    0x00008dd6      0x51f /usr/lib/gcc/arm-none-eabi/13.2.1/../../../arm-none-eabi/lib/thumb/v7-m/nofp/libc.a(libc_a-findfp.o)
 .debug_line    0x000092f5      0x1ea /usr/lib/gcc/arm-none-eabi/13.2.1/../../../arm-none-eabi/lib/thumb/v7-m/nofp/libc.a(libc_a-ssprint_r.o)
 .debug_line    0x000094df      0x196 /usr/lib/gcc/arm-none-eabi/13.2.1/../../../arm-none-eabi/lib/thumb/v7-m/nofp/libc.a(libc_a-sbrkr.o)
 .debug_line    0x00009675      0x1b0 /usr/lib/gcc/arm-none-eabi/13.2.1/../../../arm-none-eabi/lib/thumb/v7-m/nofp/libc.a(libc_a-assert.o)
 .debug_line    0x00009825     0x1409 /usr/lib/gcc/arm-none-eabi/13.2.1/../../../arm-none-eabi/lib/thumb/v7-m/nofp/libc.a(libc_a-mprec.o)
 .debug_line    0x0000ac2e      0x200 /usr/lib/gcc/arm-none-eabi/13.2.1/../../../arm-none-eabi/lib/thumb/v7-m/nofp/libc.a(libc_a-memchr-stub.o)
 .debug_line    0x0000ae2e      0x1c9 /usr/lib/gcc/arm-none-eabi/13.2.1/../../../arm-none-eabi/lib/thumb/v7-m/nofp/libc.a(libc_a-fwalk.o)
 .debug_line    0x0000aff7      0x17e /usr/lib/gcc/arm-none-eabi/13.2.1/../../../arm-none-eabi/lib/thumb/v7-m/nofp/libc.a(libc_a-localeconv.o)
 .debug_line    0x0000b175      0x29f /usr/lib/gcc/arm-none-eabi/13.2.1/../../../arm-none-eabi/lib/thumb/v7-m/nofp/libc.a(libc_a-locale.o)
 .debug_line    0x0000b414      0x214 /usr/lib/gcc/arm-none-eabi/13.2.1/../../../arm-none-eabi/lib/thumb/v7-m/nofp/libc.a(libc_a-mbtowc_r.o)
 .debug_line    0x0000b628      0x10c /usr/lib/gcc/arm-none-eabi/13.2.1/../../../arm-none-eabi/lib/thumb/v7-m/nofp/libc.a(libc_a-errno.o)
 .debug_line    0x0000b734      0x115 /usr/lib/gcc/arm-none-eabi/13.2.1/../../../arm-none-eabi/lib/thumb/v7-m/nofp/libc.a(libc_a-abort.o)
 .debug_line    0x0000b849      0x211 /usr/lib/gcc/arm-none-eabi/13.2.1/../../../arm-none-eabi/lib/thumb/v7-m/nofp/libc.a(libc_a-callocr.o)
 .debug_line    0x0000ba5a      0x275 /usr/lib/gcc/arm-none-eabi/13.2.1/../../../arm-none-eabi/lib/thumb/v7-m/nofp/libc.a(libc_a-ssputs_r.o)
 .debug_line    0x0000bccf      0x1ab /usr/lib/gcc/arm-none-eabi/13.2.1/../../../arm-none-eabi/lib/thumb/v7-m/nofp/libc.a(libc_a-fiprintf.o)
 .debug_line    0x0000be7a      0x24c /usr/lib/gcc/arm-none-eabi/13.2.1/../../../arm-none-eabi/lib/thumb/v7-m/nofp/libc.a(libc_a-fclose.o)
 .debug_line    0x0000c0c6      0x20b /usr/lib/gcc/arm-none-eabi/13.2.1/../../../arm-none-eabi/lib/thumb/v7-m/nofp/libc.a(libc_a-wctomb_r.o)
 .debug_line    0x0000c2d1      0x22b /usr/lib/gcc/arm-none-eabi/13.2.1/../../../arm-none-eabi/lib/thumb/v7-m/nofp/libc.a(libc_a-stdio.o)
 .debug_line    0x0000c4fc      0x1f0 /usr/lib/gcc/arm-none-eabi/13.2.1/../../../arm-none-eabi/lib/thumb/v7-m/nofp/libc.a(libc_a-reent.o)
 .debug_line    0x0000c6ec      0x6a9 /usr/lib/gcc/arm-none-eabi/13.2.1/../../../arm-none-eabi/lib/thumb/v7-m/nofp/libc.a(libc_a-reallocr.o)
 .debug_line    0x0000cd95      0x19d /usr/lib/gcc/arm-none-eabi/13.2.1/../../../arm-none-eabi/lib/thumb/v7-m/nofp/libc.a(libc_a-writer.o)
 .debug_line    0x0000cf32       0x97 /usr/lib/gcc/arm-none-eabi/13.2.1/../../../arm-none-eabi/lib/thumb/v7-m/nofp/libc.a(libc_a-ctype_.o)
 .debug_line    0x0000cfc9      0x196 /usr/lib/gcc/arm-none-eabi/13.2.1/../../../arm-none-eabi/lib/thumb/v7-m/nofp/libc.a(libc_a-closer.o)
 .debug_line    0x0000d15f      0x67e /usr/lib/gcc/arm-none-eabi/13.2.1/../../../arm-none-eabi/lib/thumb/v7-m/nofp/libc.a(libc_a-signal.o)
 .debug_line    0x0000d7dd      0x1be /usr/lib/gcc/arm-none-eabi/13.2.1/../../../arm-none-eabi/lib/thumb/v7-m/nofp/libc.a(libc_a-signalr.o)
 .debug_line    0x0000d99b      0x467 /usr/lib/gcc/arm-none-eabi/13.2.1/../../../arm-none-eabi/lib/thumb/v7-m/nofp/libc.a(libc_a-fflush.o)
 .debug_line    0x0000de02      0x20d /usr/lib/gcc/arm-none-eabi/13.2.1/../../../arm-none-eabi/lib/thumb/v7-m/nofp/libc.a(libc_a-memmove.o)
 .debug_line    0x0000e00f     0x103b /usr/lib/gcc/arm-none-eabi/13.2.1/../../../arm-none-eabi/lib/thumb/v7-m/nofp/libc.a(libc_a-vfiprintf.o)
 .debug_line    0x0000f04a      0x19c /usr/lib/gcc/arm-none-eabi/13.2.1/../../../arm-none-eabi/lib/thumb/v7-m/nofp/libc.a(libc_a-readr.o)
 .debug_line    0x0000f1e6      0x2bd /usr/lib/gcc/arm-none-eabi/13.2.1/../../../arm-none-eabi/lib/thumb/v7-m/nofp/libc.a(libc_a-wsetup.o)
 .debug_line    0x0000f4a3      0x19d /usr/lib/gcc/arm-none-eabi/13.2.1/../../../arm-none-eabi/lib/thumb/v7-m/nofp/libc.a(libc_a-lseekr.o)
 .debug_line    0x0000f640      0x189 /usr/lib/gcc/arm-none-eabi/13.2.1/../../../arm-none-eabi/lib/thumb/v7-m/nofp/libc.a(libc_a-sprint_r.o)
 .debug_line    0x0000f7c9      0x3d2 /usr/lib/gcc/arm-none-eabi/13.2.1/../../../arm-none-eabi/lib/thumb/v7-m/nofp/libc.a(libc_a-makebuf.o)
 .debug_line    0x0000fb9b      0x215 /usr/lib/gcc/arm-none-eabi/13.2.1/../../../arm-none-eabi/lib/thumb/v7-m/nofp/libc.a(libc_a-fstatr.o)
 .debug_line    0x0000fdb0      0x197 /usr/lib/gcc/arm-none-eabi/13.2.1/../../../arm-none-eabi/lib/thumb/v7-m/nofp/libc.a(libc_a-isattyr.o)
 .debug_line    0x0000ff47      0x5f5 /usr/lib/gcc/arm-none-eabi/13.2.1/../../../arm-none-eabi/lib/thumb/v7-m/nofp/libc.a(libc_a-fvwrite.o)
 .debug_line    0x0001053c      0x16f /usr/lib/gcc/arm-none-eabi/13.2.1/thumb/v7-m/nofp/libgcc.a(_arm_addsubdf3.o)
 .debug_line    0x000106ab      0x184 /usr/lib/gcc/arm-none-eabi/13.2.1/thumb/v7-m/nofp/libgcc.a(_arm_muldivdf3.o)
 .debug_line    0x0001082f       0xa6 /usr/lib/gcc/arm-none-eabi/13.2.1/thumb/v7-m/nofp/libgcc.a(_arm_cmpdf2.o)
 .debug_line    0x000108d5       0x57 /usr/lib/gcc/arm-none-eabi/13.2.1/thumb/v7-m/nofp/libgcc.a(_arm_unorddf2.o)
 .debug_line    0x0001092c       0x62 /usr/lib/gcc/arm-none-eabi/13.2.1/thumb/v7-m/nofp/libgcc.a(_arm_fixdfsi.o)
 .debug_line    0x0001098e       0x72 /usr/lib/gcc/arm-none-eabi/13.2.1/../../../arm-none-eabi/lib/thumb/v7-m/nofp/libnosys.a(close.o)
 .debug_line    0x00010a00      0x14e /usr/lib/gcc/arm-none-eabi/13.2.1/../../../arm-none-eabi/lib/thumb/v7-m/nofp/libnosys.a(fstat.o)
 .debug_line    0x00010b4e       0x73 /usr/lib/gcc/arm-none-eabi/13.2.1/../../../arm-none-eabi/lib/thumb/v7-m/nofp/libnosys.a(getpid.o)
 .debug_line    0x00010bc1       0x73 /usr/lib/gcc/arm-none-eabi/13.2.1/../../../arm-none-eabi/lib/thumb/v7-m/nofp/libnosys.a(isatty.o)
 .debug_line    0x00010c34       0x71 /usr/lib/gcc/arm-none-eabi/13.2.1/../../../arm-none-eabi/lib/thumb/v7-m/nofp/libnosys.a(kill.o)
 .debug_line    0x00010ca5       0x73 /usr/lib/gcc/arm-none-eabi/13.2.1/../../../arm-none-eabi/lib/thumb/v7-m/nofp/libnosys.a(lseek.o)
 .debug_line    0x00010d18       0x72 /usr/lib/gcc/arm-none-eabi/13.2.1/../../../arm-none-eabi/lib/thumb/v7-m/nofp/libnosys.a(read.o)
 .debug_line    0x00010d8a       0x76 /usr/lib/gcc/arm-none-eabi/13.2.1/../../../arm-none-eabi/lib/thumb/v7-m/nofp/libnosys.a(sbrk.o)
 .debug_line    0x00010e00       0x73 /usr/lib/gcc/arm-none-eabi/13.2.1/../../../arm-none-eabi/lib/thumb/v7-m/nofp/libnosys.a(write.o)
 .debug_line    0x00010e73       0x61 /usr/lib/gcc/arm-none-eabi/13.2.1/../../../arm-none-eabi/lib/thumb/v7-m/nofp/libnosys.a(_exit.o)

.debug_str      0x00000000    0x18f24
 .debug_str     0x00000000    0x18f24 bin/main.o
                                0xf1d (size before relaxing)
 .debug_str     0x00018f24     0x70cf ../../libopencm3/lib/libopencm3_stm32f1.a(adc.o)
 .debug_str     0x00018f24     0x7415 ../../libopencm3/lib/libopencm3_stm32f1.a(adc_common_v1.o)
 .debug_str     0x00018f24     0x82c8 ../../libopencm3/lib/libopencm3_stm32f1.a(gpio.o)
 .debug_str     0x00018f24     0x82c6 ../../libopencm3/lib/libopencm3_stm32f1.a(gpio_common_all.o)
 .debug_str     0x00018f24     0x7f28 ../../libopencm3/lib/libopencm3_stm32f1.a(rcc.o)
 .debug_str     0x00018f24     0x762b ../../libopencm3/lib/libopencm3_stm32f1.a(rcc_common_all.o)
 .debug_str     0x00018f24     0xbbd2 ../../libopencm3/lib/libopencm3_stm32f1.a(timer_common_all.o)
 .debug_str     0x00018f24     0x827e ../../libopencm3/lib/libopencm3_stm32f1.a(usart_common_all.o)
 .debug_str     0x00018f24     0x7fea ../../libopencm3/lib/libopencm3_stm32f1.a(usart_common_f124.o)
 .debug_str     0x00018f24     0x6317 ../../libopencm3/lib/libopencm3_stm32f1.a(vector.o)
 .debug_str     0x00018f24     0x5216 ../../libopencm3/lib/libopencm3_stm32f1.a(flash_common_all.o)
 .debug_str     0x00018f24      0x1b6 /usr/lib/gcc/arm-none-eabi/13.2.1/../../../arm-none-eabi/lib/thumb/v7-m/nofp/libc.a(libc_a-strncpy.o)
 .debug_str     0x00018f24      0x1a0 /usr/lib/gcc/arm-none-eabi/13.2.1/../../../arm-none-eabi/lib/thumb/v7-m/nofp/libc.a(libc_a-memset.o)
 .debug_str     0x00018f24       0xa3 /usr/lib/gcc/arm-none-eabi/13.2.1/../../../arm-none-eabi/lib/thumb/v7-m/nofp/libc.a(libc_a-strcmp.o)
 .debug_str     0x00018f24      0x4ed /usr/lib/gcc/arm-none-eabi/13.2.1/../../../arm-none-eabi/lib/thumb/v7-m/nofp/libc.a(libc_a-snprintf.o)
 .debug_str     0x00018f24      0x196 /usr/lib/gcc/arm-none-eabi/13.2.1/../../../arm-none-eabi/lib/thumb/v7-m/nofp/libc.a(libc_a-strlen-stub.o)
 .debug_str     0x00018f24      0x8c4 /usr/lib/gcc/arm-none-eabi/13.2.1/../../../arm-none-eabi/lib/thumb/v7-m/nofp/libc.a(libc_a-svfprintf.o)
 .debug_str     0x00018f24      0x4a4 /usr/lib/gcc/arm-none-eabi/13.2.1/../../../arm-none-eabi/lib/thumb/v7-m/nofp/libc.a(libc_a-impure.o)
 .debug_str     0x00018f24      0x6c7 /usr/lib/gcc/arm-none-eabi/13.2.1/../../../arm-none-eabi/lib/thumb/v7-m/nofp/libc.a(libc_a-mallocr.o)
 .debug_str     0x00018f24      0x877 /usr/lib/gcc/arm-none-eabi/13.2.1/../../../arm-none-eabi/lib/thumb/v7-m/nofp/libc.a(libc_a-dtoa.o)
 .debug_str     0x00018f24      0x60f /usr/lib/gcc/arm-none-eabi/13.2.1/../../../arm-none-eabi/lib/thumb/v7-m/nofp/libc.a(libc_a-freer.o)
 .debug_str     0x00018f24       0xa3 /usr/lib/gcc/arm-none-eabi/13.2.1/../../../arm-none-eabi/lib/thumb/v7-m/nofp/libc.a(libc_a-memcpy.o)
 .debug_str     0x00018f24      0x195 /usr/lib/gcc/arm-none-eabi/13.2.1/../../../arm-none-eabi/lib/thumb/v7-m/nofp/libc.a(libc_a-sysconf.o)
 .debug_str     0x00018f24      0x4bd /usr/lib/gcc/arm-none-eabi/13.2.1/../../../arm-none-eabi/lib/thumb/v7-m/nofp/libc.a(libc_a-mlock.o)
 .debug_str     0x00018f24      0x6a7 /usr/lib/gcc/arm-none-eabi/13.2.1/../../../arm-none-eabi/lib/thumb/v7-m/nofp/libc.a(libc_a-findfp.o)
 .debug_str     0x00018f24      0x4e8 /usr/lib/gcc/arm-none-eabi/13.2.1/../../../arm-none-eabi/lib/thumb/v7-m/nofp/libc.a(libc_a-ssprint_r.o)
 .debug_str     0x00018f24      0x4a8 /usr/lib/gcc/arm-none-eabi/13.2.1/../../../arm-none-eabi/lib/thumb/v7-m/nofp/libc.a(libc_a-sbrkr.o)
 .debug_str     0x00018f24      0x4d8 /usr/lib/gcc/arm-none-eabi/13.2.1/../../../arm-none-eabi/lib/thumb/v7-m/nofp/libc.a(libc_a-assert.o)
 .debug_str     0x00018f24      0x7b5 /usr/lib/gcc/arm-none-eabi/13.2.1/../../../arm-none-eabi/lib/thumb/v7-m/nofp/libc.a(libc_a-mprec.o)
 .debug_str     0x00018f24      0x1b0 /usr/lib/gcc/arm-none-eabi/13.2.1/../../../arm-none-eabi/lib/thumb/v7-m/nofp/libc.a(libc_a-memchr-stub.o)
 .debug_str     0x00018f24      0x4af /usr/lib/gcc/arm-none-eabi/13.2.1/../../../arm-none-eabi/lib/thumb/v7-m/nofp/libc.a(libc_a-fwalk.o)
 .debug_str     0x00018f24      0x6e5 /usr/lib/gcc/arm-none-eabi/13.2.1/../../../arm-none-eabi/lib/thumb/v7-m/nofp/libc.a(libc_a-localeconv.o)
 .debug_str     0x00018f24      0x71e /usr/lib/gcc/arm-none-eabi/13.2.1/../../../arm-none-eabi/lib/thumb/v7-m/nofp/libc.a(libc_a-locale.o)
 .debug_str     0x00018f24      0x6c5 /usr/lib/gcc/arm-none-eabi/13.2.1/../../../arm-none-eabi/lib/thumb/v7-m/nofp/libc.a(libc_a-mbtowc_r.o)
 .debug_str     0x00018f24      0x499 /usr/lib/gcc/arm-none-eabi/13.2.1/../../../arm-none-eabi/lib/thumb/v7-m/nofp/libc.a(libc_a-errno.o)
 .debug_str     0x00018f24      0x18f /usr/lib/gcc/arm-none-eabi/13.2.1/../../../arm-none-eabi/lib/thumb/v7-m/nofp/libc.a(libc_a-abort.o)
 .debug_str     0x00018f24      0x4f1 /usr/lib/gcc/arm-none-eabi/13.2.1/../../../arm-none-eabi/lib/thumb/v7-m/nofp/libc.a(libc_a-callocr.o)
 .debug_str     0x00018f24      0x4da /usr/lib/gcc/arm-none-eabi/13.2.1/../../../arm-none-eabi/lib/thumb/v7-m/nofp/libc.a(libc_a-ssputs_r.o)
 .debug_str     0x00018f24      0x4e1 /usr/lib/gcc/arm-none-eabi/13.2.1/../../../arm-none-eabi/lib/thumb/v7-m/nofp/libc.a(libc_a-fiprintf.o)
 .debug_str     0x00018f24      0x4fe /usr/lib/gcc/arm-none-eabi/13.2.1/../../../arm-none-eabi/lib/thumb/v7-m/nofp/libc.a(libc_a-fclose.o)
 .debug_str     0x00018f24      0x6cc /usr/lib/gcc/arm-none-eabi/13.2.1/../../../arm-none-eabi/lib/thumb/v7-m/nofp/libc.a(libc_a-wctomb_r.o)
 .debug_str     0x00018f24      0x50c /usr/lib/gcc/arm-none-eabi/13.2.1/../../../arm-none-eabi/lib/thumb/v7-m/nofp/libc.a(libc_a-stdio.o)
 .debug_str     0x00018f24      0x4be /usr/lib/gcc/arm-none-eabi/13.2.1/../../../arm-none-eabi/lib/thumb/v7-m/nofp/libc.a(libc_a-reent.o)
 .debug_str     0x00018f24      0x592 /usr/lib/gcc/arm-none-eabi/13.2.1/../../../arm-none-eabi/lib/thumb/v7-m/nofp/libc.a(libc_a-reallocr.o)
 .debug_str     0x00018f24      0x4a5 /usr/lib/gcc/arm-none-eabi/13.2.1/../../../arm-none-eabi/lib/thumb/v7-m/nofp/libc.a(libc_a-writer.o)
 .debug_str     0x00018f24      0x185 /usr/lib/gcc/arm-none-eabi/13.2.1/../../../arm-none-eabi/lib/thumb/v7-m/nofp/libc.a(libc_a-ctype_.o)
 .debug_str     0x00018f24      0x495 /usr/lib/gcc/arm-none-eabi/13.2.1/../../../arm-none-eabi/lib/thumb/v7-m/nofp/libc.a(libc_a-closer.o)
 .debug_str     0x00018f24      0x526 /usr/lib/gcc/arm-none-eabi/13.2.1/../../../arm-none-eabi/lib/thumb/v7-m/nofp/libc.a(libc_a-signal.o)
 .debug_str     0x00018f24      0x4bb /usr/lib/gcc/arm-none-eabi/13.2.1/../../../arm-none-eabi/lib/thumb/v7-m/nofp/libc.a(libc_a-signalr.o)
 .debug_str     0x00018f24      0x526 /usr/lib/gcc/arm-none-eabi/13.2.1/../../../arm-none-eabi/lib/thumb/v7-m/nofp/libc.a(libc_a-fflush.o)
 .debug_str     0x00018f24      0x1bf /usr/lib/gcc/arm-none-eabi/13.2.1/../../../arm-none-eabi/lib/thumb/v7-m/nofp/libc.a(libc_a-memmove.o)
 .debug_str     0x00018f24      0x82c /usr/lib/gcc/arm-none-eabi/13.2.1/../../../arm-none-eabi/lib/thumb/v7-m/nofp/libc.a(libc_a-vfiprintf.o)
 .debug_str     0x00018f24      0x4a3 /usr/lib/gcc/arm-none-eabi/13.2.1/../../../arm-none-eabi/lib/thumb/v7-m/nofp/libc.a(libc_a-readr.o)
 .debug_str     0x00018f24      0x4d0 /usr/lib/gcc/arm-none-eabi/13.2.1/../../../arm-none-eabi/lib/thumb/v7-m/nofp/libc.a(libc_a-wsetup.o)
 .debug_str     0x00018f24      0x4a3 /usr/lib/gcc/arm-none-eabi/13.2.1/../../../arm-none-eabi/lib/thumb/v7-m/nofp/libc.a(libc_a-lseekr.o)
 .debug_str     0x00018f24      0x4e8 /usr/lib/gcc/arm-none-eabi/13.2.1/../../../arm-none-eabi/lib/thumb/v7-m/nofp/libc.a(libc_a-sprint_r.o)
 .debug_str     0x00018f24      0x632 /usr/lib/gcc/arm-none-eabi/13.2.1/../../../arm-none-eabi/lib/thumb/v7-m/nofp/libc.a(libc_a-makebuf.o)
 .debug_str     0x00018f24      0x5e7 /usr/lib/gcc/arm-none-eabi/13.2.1/../../../arm-none-eabi/lib/thumb/v7-m/nofp/libc.a(libc_a-fstatr.o)
 .debug_str     0x00018f24      0x49f /usr/lib/gcc/arm-none-eabi/13.2.1/../../../arm-none-eabi/lib/thumb/v7-m/nofp/libc.a(libc_a-isattyr.o)
 .debug_str     0x00018f24      0x543 /usr/lib/gcc/arm-none-eabi/13.2.1/../../../arm-none-eabi/lib/thumb/v7-m/nofp/libc.a(libc_a-fvwrite.o)
 .debug_str     0x00018f24      0x150 /usr/lib/gcc/arm-none-eabi/13.2.1/thumb/v7-m/nofp/libgcc.a(_arm_addsubdf3.o)
 .debug_str     0x00018f24       0xd0 /usr/lib/gcc/arm-none-eabi/13.2.1/thumb/v7-m/nofp/libgcc.a(_arm_muldivdf3.o)
 .debug_str     0x00018f24      0x159 /usr/lib/gcc/arm-none-eabi/13.2.1/thumb/v7-m/nofp/libgcc.a(_arm_cmpdf2.o)
 .debug_str     0x00018f24       0xbe /usr/lib/gcc/arm-none-eabi/13.2.1/thumb/v7-m/nofp/libgcc.a(_arm_unorddf2.o)
 .debug_str     0x00018f24       0xbb /usr/lib/gcc/arm-none-eabi/13.2.1/thumb/v7-m/nofp/libgcc.a(_arm_fixdfsi.o)
 .debug_str     0x00018f24      0x190 /usr/lib/gcc/arm-none-eabi/13.2.1/../../../arm-none-eabi/lib/thumb/v7-m/nofp/libnosys.a(close.o)
 .debug_str     0x00018f24      0x2dc /usr/lib/gcc/arm-none-eabi/13.2.1/../../../arm-none-eabi/lib/thumb/v7-m/nofp/libnosys.a(fstat.o)
 .debug_str     0x00018f24      0x18c /usr/lib/gcc/arm-none-eabi/13.2.1/../../../arm-none-eabi/lib/thumb/v7-m/nofp/libnosys.a(getpid.o)
 .debug_str     0x00018f24      0x191 /usr/lib/gcc/arm-none-eabi/13.2.1/../../../arm-none-eabi/lib/thumb/v7-m/nofp/libnosys.a(isatty.o)
 .debug_str     0x00018f24      0x186 /usr/lib/gcc/arm-none-eabi/13.2.1/../../../arm-none-eabi/lib/thumb/v7-m/nofp/libnosys.a(kill.o)
 .debug_str     0x00018f24      0x18e /usr/lib/gcc/arm-none-eabi/13.2.1/../../../arm-none-eabi/lib/thumb/v7-m/nofp/libnosys.a(lseek.o)
 .debug_str     0x00018f24      0x18b /usr/lib/gcc/arm-none-eabi/13.2.1/../../../arm-none-eabi/lib/thumb/v7-m/nofp/libnosys.a(read.o)
 .debug_str     0x00018f24      0x115 /usr/lib/gcc/arm-none-eabi/13.2.1/../../../arm-none-eabi/lib/thumb/v7-m/nofp/libnosys.a(sbrk.o)